Java HotSpot(TM) 64-Bit Server VM (25.202-b08) for bsd-amd64 JRE (1.8.0_202-b08), built on Dec 15 2018 20:16:16 by "java_re" with gcc 4.2.1 (Based on Apple Inc. build 5658) (LLVM build 2336.11.00)
Memory: 4k page, physical 16777216k(789996k free)

/proc/meminfo:

CommandLine flags: -XX:-BytecodeVerificationLocal -XX:-BytecodeVerificationRemote -XX:InitialHeapSize=268435456 -XX:+ManagementServer -XX:MaxHeapSize=3221225472 -XX:+PrintGC -XX:+PrintGCDateStamps -XX:+PrintGCDetails -XX:+PrintGCTimeStamps -XX:+PrintHeapAtGC -XX:TieredStopAtLevel=1 -XX:+UseCompressedClassPointers -XX:+UseCompressedOops -XX:+UseParallelGC 
{Heap before GC invocations=1 (full 0):
 PSYoungGen      total 76288K, used 65536K [0x0000000780000000, 0x0000000785500000, 0x00000007c0000000)
  eden space 65536K, 100% used [0x0000000780000000,0x0000000784000000,0x0000000784000000)
  from space 10752K, 0% used [0x0000000784a80000,0x0000000784a80000,0x0000000785500000)
  to   space 10752K, 0% used [0x0000000784000000,0x0000000784000000,0x0000000784a80000)
 ParOldGen       total 175104K, used 0K [0x0000000700000000, 0x000000070ab00000, 0x0000000780000000)
  object space 175104K, 0% used [0x0000000700000000,0x0000000700000000,0x000000070ab00000)
 Metaspace       used 13717K, capacity 14300K, committed 14592K, reserved 1062912K
  class space    used 1800K, capacity 1962K, committed 2048K, reserved 1048576K
2021-12-09T13:18:51.143-0900: 1.099: [GC (Allocation Failure) [PSYoungGen: 65536K->7633K(76288K)] 65536K->7649K(251392K), 0.0133119 secs] [Times: user=0.04 sys=0.00, real=0.01 secs] 
Heap after GC invocations=1 (full 0):
 PSYoungGen      total 76288K, used 7633K [0x0000000780000000, 0x0000000789500000, 0x00000007c0000000)
  eden space 65536K, 0% used [0x0000000780000000,0x0000000780000000,0x0000000784000000)
  from space 10752K, 70% used [0x0000000784000000,0x00000007847746d0,0x0000000784a80000)
  to   space 10752K, 0% used [0x0000000788a80000,0x0000000788a80000,0x0000000789500000)
 ParOldGen       total 175104K, used 16K [0x0000000700000000, 0x000000070ab00000, 0x0000000780000000)
  object space 175104K, 0% used [0x0000000700000000,0x0000000700004000,0x000000070ab00000)
 Metaspace       used 13717K, capacity 14300K, committed 14592K, reserved 1062912K
  class space    used 1800K, capacity 1962K, committed 2048K, reserved 1048576K
}
{Heap before GC invocations=2 (full 0):
 PSYoungGen      total 76288K, used 73169K [0x0000000780000000, 0x0000000789500000, 0x00000007c0000000)
  eden space 65536K, 100% used [0x0000000780000000,0x0000000784000000,0x0000000784000000)
  from space 10752K, 70% used [0x0000000784000000,0x00000007847746d0,0x0000000784a80000)
  to   space 10752K, 0% used [0x0000000788a80000,0x0000000788a80000,0x0000000789500000)
 ParOldGen       total 175104K, used 16K [0x0000000700000000, 0x000000070ab00000, 0x0000000780000000)
  object space 175104K, 0% used [0x0000000700000000,0x0000000700004000,0x000000070ab00000)
 Metaspace       used 19444K, capacity 20334K, committed 20480K, reserved 1067008K
  class space    used 2567K, capacity 2791K, committed 2816K, reserved 1048576K
2021-12-09T13:18:51.555-0900: 1.511: [GC (Allocation Failure) [PSYoungGen: 73169K->10743K(141824K)] 73185K->11063K(316928K), 0.0097743 secs] [Times: user=0.04 sys=0.01, real=0.01 secs] 
Heap after GC invocations=2 (full 0):
 PSYoungGen      total 141824K, used 10743K [0x0000000780000000, 0x0000000789500000, 0x00000007c0000000)
  eden space 131072K, 0% used [0x0000000780000000,0x0000000780000000,0x0000000788000000)
  from space 10752K, 99% used [0x0000000788a80000,0x00000007894fdcf8,0x0000000789500000)
  to   space 10752K, 0% used [0x0000000788000000,0x0000000788000000,0x0000000788a80000)
 ParOldGen       total 175104K, used 319K [0x0000000700000000, 0x000000070ab00000, 0x0000000780000000)
  object space 175104K, 0% used [0x0000000700000000,0x000000070004ffa8,0x000000070ab00000)
 Metaspace       used 19444K, capacity 20334K, committed 20480K, reserved 1067008K
  class space    used 2567K, capacity 2791K, committed 2816K, reserved 1048576K
}
{Heap before GC invocations=3 (full 0):
 PSYoungGen      total 141824K, used 24955K [0x0000000780000000, 0x0000000789500000, 0x00000007c0000000)
  eden space 131072K, 10% used [0x0000000780000000,0x0000000780de1068,0x0000000788000000)
  from space 10752K, 99% used [0x0000000788a80000,0x00000007894fdcf8,0x0000000789500000)
  to   space 10752K, 0% used [0x0000000788000000,0x0000000788000000,0x0000000788a80000)
 ParOldGen       total 175104K, used 319K [0x0000000700000000, 0x000000070ab00000, 0x0000000780000000)
  object space 175104K, 0% used [0x0000000700000000,0x000000070004ffa8,0x000000070ab00000)
 Metaspace       used 20305K, capacity 21252K, committed 21296K, reserved 1067008K
  class space    used 2682K, capacity 2912K, committed 2944K, reserved 1048576K
2021-12-09T13:18:51.705-0900: 1.661: [GC (Metadata GC Threshold) [PSYoungGen: 24955K->6878K(141824K)] 25275K->7206K(316928K), 0.0080647 secs] [Times: user=0.03 sys=0.00, real=0.01 secs] 
Heap after GC invocations=3 (full 0):
 PSYoungGen      total 141824K, used 6878K [0x0000000780000000, 0x0000000791500000, 0x00000007c0000000)
  eden space 131072K, 0% used [0x0000000780000000,0x0000000780000000,0x0000000788000000)
  from space 10752K, 63% used [0x0000000788000000,0x00000007886b7ad8,0x0000000788a80000)
  to   space 10752K, 0% used [0x0000000790a80000,0x0000000790a80000,0x0000000791500000)
 ParOldGen       total 175104K, used 327K [0x0000000700000000, 0x000000070ab00000, 0x0000000780000000)
  object space 175104K, 0% used [0x0000000700000000,0x0000000700051fa8,0x000000070ab00000)
 Metaspace       used 20305K, capacity 21252K, committed 21296K, reserved 1067008K
  class space    used 2682K, capacity 2912K, committed 2944K, reserved 1048576K
}
{Heap before GC invocations=4 (full 1):
 PSYoungGen      total 141824K, used 6878K [0x0000000780000000, 0x0000000791500000, 0x00000007c0000000)
  eden space 131072K, 0% used [0x0000000780000000,0x0000000780000000,0x0000000788000000)
  from space 10752K, 63% used [0x0000000788000000,0x00000007886b7ad8,0x0000000788a80000)
  to   space 10752K, 0% used [0x0000000790a80000,0x0000000790a80000,0x0000000791500000)
 ParOldGen       total 175104K, used 327K [0x0000000700000000, 0x000000070ab00000, 0x0000000780000000)
  object space 175104K, 0% used [0x0000000700000000,0x0000000700051fa8,0x000000070ab00000)
 Metaspace       used 20305K, capacity 21252K, committed 21296K, reserved 1067008K
  class space    used 2682K, capacity 2912K, committed 2944K, reserved 1048576K
2021-12-09T13:18:51.713-0900: 1.669: [Full GC (Metadata GC Threshold) [PSYoungGen: 6878K->0K(141824K)] [ParOldGen: 327K->6560K(175104K)] 7206K->6560K(316928K), [Metaspace: 20305K->20305K(1067008K)], 0.0583518 secs] [Times: user=0.14 sys=0.02, real=0.06 secs] 
Heap after GC invocations=4 (full 1):
 PSYoungGen      total 141824K, used 0K [0x0000000780000000, 0x0000000791500000, 0x00000007c0000000)
  eden space 131072K, 0% used [0x0000000780000000,0x0000000780000000,0x0000000788000000)
  from space 10752K, 0% used [0x0000000788000000,0x0000000788000000,0x0000000788a80000)
  to   space 10752K, 0% used [0x0000000790a80000,0x0000000790a80000,0x0000000791500000)
 ParOldGen       total 175104K, used 6560K [0x0000000700000000, 0x000000070ab00000, 0x0000000780000000)
  object space 175104K, 3% used [0x0000000700000000,0x0000000700668130,0x000000070ab00000)
 Metaspace       used 20305K, capacity 21252K, committed 21296K, reserved 1067008K
  class space    used 2682K, capacity 2912K, committed 2944K, reserved 1048576K
}
{Heap before GC invocations=5 (full 1):
 PSYoungGen      total 141824K, used 107975K [0x0000000780000000, 0x0000000791500000, 0x00000007c0000000)
  eden space 131072K, 82% used [0x0000000780000000,0x0000000786971e50,0x0000000788000000)
  from space 10752K, 0% used [0x0000000788000000,0x0000000788000000,0x0000000788a80000)
  to   space 10752K, 0% used [0x0000000790a80000,0x0000000790a80000,0x0000000791500000)
 ParOldGen       total 175104K, used 6560K [0x0000000700000000, 0x000000070ab00000, 0x0000000780000000)
  object space 175104K, 3% used [0x0000000700000000,0x0000000700668130,0x000000070ab00000)
 Metaspace       used 28862K, capacity 30958K, committed 31232K, reserved 1077248K
  class space    used 3874K, capacity 4278K, committed 4352K, reserved 1048576K
2021-12-09T13:19:08.039-0900: 17.995: [GC (Allocation Failure) [PSYoungGen: 107975K->10749K(193024K)] 114535K->18200K(368128K), 0.0236917 secs] [Times: user=0.04 sys=0.01, real=0.05 secs] 
Heap after GC invocations=5 (full 1):
 PSYoungGen      total 193024K, used 10749K [0x0000000780000000, 0x0000000791500000, 0x00000007c0000000)
  eden space 182272K, 0% used [0x0000000780000000,0x0000000780000000,0x000000078b200000)
  from space 10752K, 99% used [0x0000000790a80000,0x00000007914ff4a0,0x0000000791500000)
  to   space 10752K, 0% used [0x0000000790000000,0x0000000790000000,0x0000000790a80000)
 ParOldGen       total 175104K, used 7451K [0x0000000700000000, 0x000000070ab00000, 0x0000000780000000)
  object space 175104K, 4% used [0x0000000700000000,0x0000000700746ed8,0x000000070ab00000)
 Metaspace       used 28862K, capacity 30958K, committed 31232K, reserved 1077248K
  class space    used 3874K, capacity 4278K, committed 4352K, reserved 1048576K
}
{Heap before GC invocations=6 (full 1):
 PSYoungGen      total 193024K, used 183204K [0x0000000780000000, 0x0000000791500000, 0x00000007c0000000)
  eden space 182272K, 94% used [0x0000000780000000,0x000000078a869c70,0x000000078b200000)
  from space 10752K, 99% used [0x0000000790a80000,0x00000007914ff4a0,0x0000000791500000)
  to   space 10752K, 0% used [0x0000000790000000,0x0000000790000000,0x0000000790a80000)
 ParOldGen       total 175104K, used 7451K [0x0000000700000000, 0x000000070ab00000, 0x0000000780000000)
  object space 175104K, 4% used [0x0000000700000000,0x0000000700746ed8,0x000000070ab00000)
 Metaspace       used 28862K, capacity 30958K, committed 31232K, reserved 1077248K
  class space    used 3874K, capacity 4278K, committed 4352K, reserved 1048576K
2021-12-09T13:19:08.543-0900: 18.499: [GC (Allocation Failure) [PSYoungGen: 183204K->8898K(259072K)] 190655K->28076K(434176K), 0.0075561 secs] [Times: user=0.05 sys=0.01, real=0.01 secs] 
Heap after GC invocations=6 (full 1):
 PSYoungGen      total 259072K, used 8898K [0x0000000780000000, 0x0000000790e00000, 0x00000007c0000000)
  eden space 249856K, 0% used [0x0000000780000000,0x0000000780000000,0x000000078f400000)
  from space 9216K, 96% used [0x0000000790000000,0x00000007908b0950,0x0000000790900000)
  to   space 5120K, 0% used [0x0000000790900000,0x0000000790900000,0x0000000790e00000)
 ParOldGen       total 175104K, used 19178K [0x0000000700000000, 0x000000070ab00000, 0x0000000780000000)
  object space 175104K, 10% used [0x0000000700000000,0x00000007012baa08,0x000000070ab00000)
 Metaspace       used 28862K, capacity 30958K, committed 31232K, reserved 1077248K
  class space    used 3874K, capacity 4278K, committed 4352K, reserved 1048576K
}
{Heap before GC invocations=7 (full 1):
 PSYoungGen      total 259072K, used 226591K [0x0000000780000000, 0x0000000790e00000, 0x00000007c0000000)
  eden space 249856K, 87% used [0x0000000780000000,0x000000078d497428,0x000000078f400000)
  from space 9216K, 96% used [0x0000000790000000,0x00000007908b0950,0x0000000790900000)
  to   space 5120K, 0% used [0x0000000790900000,0x0000000790900000,0x0000000790e00000)
 ParOldGen       total 175104K, used 19178K [0x0000000700000000, 0x000000070ab00000, 0x0000000780000000)
  object space 175104K, 10% used [0x0000000700000000,0x00000007012baa08,0x000000070ab00000)
 Metaspace       used 28862K, capacity 30958K, committed 31232K, reserved 1077248K
  class space    used 3874K, capacity 4278K, committed 4352K, reserved 1048576K
2021-12-09T13:19:09.118-0900: 19.074: [GC (Allocation Failure) [PSYoungGen: 226591K->5025K(263168K)] 245769K->47649K(438272K), 0.0112956 secs] [Times: user=0.04 sys=0.02, real=0.01 secs] 
Heap after GC invocations=7 (full 1):
 PSYoungGen      total 263168K, used 5025K [0x0000000780000000, 0x0000000796780000, 0x00000007c0000000)
  eden space 258048K, 0% used [0x0000000780000000,0x0000000780000000,0x000000078fc00000)
  from space 5120K, 98% used [0x0000000790900000,0x0000000790de8470,0x0000000790e00000)
  to   space 13312K, 0% used [0x000000078fc00000,0x000000078fc00000,0x0000000790900000)
 ParOldGen       total 175104K, used 42624K [0x0000000700000000, 0x000000070ab00000, 0x0000000780000000)
  object space 175104K, 24% used [0x0000000700000000,0x00000007029a0068,0x000000070ab00000)
 Metaspace       used 28862K, capacity 30958K, committed 31232K, reserved 1077248K
  class space    used 3874K, capacity 4278K, committed 4352K, reserved 1048576K
}
{Heap before GC invocations=8 (full 1):
 PSYoungGen      total 263168K, used 262207K [0x0000000780000000, 0x0000000796780000, 0x00000007c0000000)
  eden space 258048K, 99% used [0x0000000780000000,0x000000078fb27938,0x000000078fc00000)
  from space 5120K, 98% used [0x0000000790900000,0x0000000790de8470,0x0000000790e00000)
  to   space 13312K, 0% used [0x000000078fc00000,0x000000078fc00000,0x0000000790900000)
 ParOldGen       total 175104K, used 42624K [0x0000000700000000, 0x000000070ab00000, 0x0000000780000000)
  object space 175104K, 24% used [0x0000000700000000,0x00000007029a0068,0x000000070ab00000)
 Metaspace       used 28862K, capacity 30958K, committed 31232K, reserved 1077248K
  class space    used 3874K, capacity 4278K, committed 4352K, reserved 1048576K
2021-12-09T13:19:09.711-0900: 19.666: [GC (Allocation Failure) [PSYoungGen: 262207K->12805K(271360K)] 304831K->106219K(446464K), 0.0313964 secs] [Times: user=0.24 sys=0.03, real=0.03 secs] 
Heap after GC invocations=8 (full 1):
 PSYoungGen      total 271360K, used 12805K [0x0000000780000000, 0x0000000798980000, 0x00000007c0000000)
  eden space 258048K, 0% used [0x0000000780000000,0x0000000780000000,0x000000078fc00000)
  from space 13312K, 96% used [0x000000078fc00000,0x00000007908816b0,0x0000000790900000)
  to   space 14848K, 0% used [0x0000000797b00000,0x0000000797b00000,0x0000000798980000)
 ParOldGen       total 175104K, used 93413K [0x0000000700000000, 0x000000070ab00000, 0x0000000780000000)
  object space 175104K, 53% used [0x0000000700000000,0x0000000705b395a8,0x000000070ab00000)
 Metaspace       used 28862K, capacity 30958K, committed 31232K, reserved 1077248K
  class space    used 3874K, capacity 4278K, committed 4352K, reserved 1048576K
}
{Heap before GC invocations=9 (full 1):
 PSYoungGen      total 271360K, used 232007K [0x0000000780000000, 0x0000000798980000, 0x00000007c0000000)
  eden space 258048K, 84% used [0x0000000780000000,0x000000078d610618,0x000000078fc00000)
  from space 13312K, 96% used [0x000000078fc00000,0x00000007908816b0,0x0000000790900000)
  to   space 14848K, 0% used [0x0000000797b00000,0x0000000797b00000,0x0000000798980000)
 ParOldGen       total 175104K, used 93413K [0x0000000700000000, 0x000000070ab00000, 0x0000000780000000)
  object space 175104K, 53% used [0x0000000700000000,0x0000000705b395a8,0x000000070ab00000)
 Metaspace       used 28862K, capacity 30958K, committed 31232K, reserved 1077248K
  class space    used 3874K, capacity 4278K, committed 4352K, reserved 1048576K
2021-12-09T13:19:10.389-0900: 20.344: [GC (Allocation Failure) [PSYoungGen: 232007K->12793K(378880K)] 325420K->129644K(553984K), 0.0103337 secs] [Times: user=0.04 sys=0.03, real=0.01 secs] 
Heap after GC invocations=9 (full 1):
 PSYoungGen      total 378880K, used 12793K [0x0000000780000000, 0x0000000798780000, 0x00000007c0000000)
  eden space 366080K, 0% used [0x0000000780000000,0x0000000780000000,0x0000000796580000)
  from space 12800K, 99% used [0x0000000797b00000,0x000000079877e6a0,0x0000000798780000)
  to   space 15872K, 0% used [0x0000000796880000,0x0000000796880000,0x0000000797800000)
 ParOldGen       total 175104K, used 116851K [0x0000000700000000, 0x000000070ab00000, 0x0000000780000000)
  object space 175104K, 66% used [0x0000000700000000,0x000000070721cc08,0x000000070ab00000)
 Metaspace       used 28862K, capacity 30958K, committed 31232K, reserved 1077248K
  class space    used 3874K, capacity 4278K, committed 4352K, reserved 1048576K
}
{Heap before GC invocations=10 (full 1):
 PSYoungGen      total 378880K, used 359194K [0x0000000780000000, 0x0000000798780000, 0x00000007c0000000)
  eden space 366080K, 94% used [0x0000000780000000,0x0000000795248518,0x0000000796580000)
  from space 12800K, 99% used [0x0000000797b00000,0x000000079877e6a0,0x0000000798780000)
  to   space 15872K, 0% used [0x0000000796880000,0x0000000796880000,0x0000000797800000)
 ParOldGen       total 175104K, used 116851K [0x0000000700000000, 0x000000070ab00000, 0x0000000780000000)
  object space 175104K, 66% used [0x0000000700000000,0x000000070721cc08,0x000000070ab00000)
 Metaspace       used 28862K, capacity 30958K, committed 31232K, reserved 1077248K
  class space    used 3874K, capacity 4278K, committed 4352K, reserved 1048576K
2021-12-09T13:19:11.285-0900: 21.241: [GC (Allocation Failure) [PSYoungGen: 359194K->12792K(385024K)] 476045K->160893K(560128K), 0.0152231 secs] [Times: user=0.06 sys=0.03, real=0.02 secs] 
Heap after GC invocations=10 (full 1):
 PSYoungGen      total 385024K, used 12792K [0x0000000780000000, 0x000000079db00000, 0x00000007c0000000)
  eden space 369152K, 0% used [0x0000000780000000,0x0000000780000000,0x0000000796880000)
  from space 15872K, 80% used [0x0000000796880000,0x00000007974fe270,0x0000000797800000)
  to   space 16384K, 0% used [0x000000079cb00000,0x000000079cb00000,0x000000079db00000)
 ParOldGen       total 175104K, used 148101K [0x0000000700000000, 0x000000070ab00000, 0x0000000780000000)
  object space 175104K, 84% used [0x0000000700000000,0x00000007090a1488,0x000000070ab00000)
 Metaspace       used 28862K, capacity 30958K, committed 31232K, reserved 1077248K
  class space    used 3874K, capacity 4278K, committed 4352K, reserved 1048576K
}
{Heap before GC invocations=11 (full 2):
 PSYoungGen      total 385024K, used 12792K [0x0000000780000000, 0x000000079db00000, 0x00000007c0000000)
  eden space 369152K, 0% used [0x0000000780000000,0x0000000780000000,0x0000000796880000)
  from space 15872K, 80% used [0x0000000796880000,0x00000007974fe270,0x0000000797800000)
  to   space 16384K, 0% used [0x000000079cb00000,0x000000079cb00000,0x000000079db00000)
 ParOldGen       total 175104K, used 148101K [0x0000000700000000, 0x000000070ab00000, 0x0000000780000000)
  object space 175104K, 84% used [0x0000000700000000,0x00000007090a1488,0x000000070ab00000)
 Metaspace       used 28862K, capacity 30958K, committed 31232K, reserved 1077248K
  class space    used 3874K, capacity 4278K, committed 4352K, reserved 1048576K
2021-12-09T13:19:11.301-0900: 21.257: [Full GC (Ergonomics) [PSYoungGen: 12792K->0K(385024K)] [ParOldGen: 148101K->121319K(314368K)] 160893K->121319K(699392K), [Metaspace: 28862K->28862K(1077248K)], 0.0483292 secs] [Times: user=0.16 sys=0.01, real=0.04 secs] 
Heap after GC invocations=11 (full 2):
 PSYoungGen      total 385024K, used 0K [0x0000000780000000, 0x000000079db00000, 0x00000007c0000000)
  eden space 369152K, 0% used [0x0000000780000000,0x0000000780000000,0x0000000796880000)
  from space 15872K, 0% used [0x0000000796880000,0x0000000796880000,0x0000000797800000)
  to   space 16384K, 0% used [0x000000079cb00000,0x000000079cb00000,0x000000079db00000)
 ParOldGen       total 314368K, used 121319K [0x0000000700000000, 0x0000000713300000, 0x0000000780000000)
  object space 314368K, 38% used [0x0000000700000000,0x0000000707679ca0,0x0000000713300000)
 Metaspace       used 28862K, capacity 30958K, committed 31232K, reserved 1077248K
  class space    used 3874K, capacity 4278K, committed 4352K, reserved 1048576K
}
{Heap before GC invocations=12 (full 2):
 PSYoungGen      total 385024K, used 346648K [0x0000000780000000, 0x000000079db00000, 0x00000007c0000000)
  eden space 369152K, 93% used [0x0000000780000000,0x0000000795286028,0x0000000796880000)
  from space 15872K, 0% used [0x0000000796880000,0x0000000796880000,0x0000000797800000)
  to   space 16384K, 0% used [0x000000079cb00000,0x000000079cb00000,0x000000079db00000)
 ParOldGen       total 314368K, used 121319K [0x0000000700000000, 0x0000000713300000, 0x0000000780000000)
  object space 314368K, 38% used [0x0000000700000000,0x0000000707679ca0,0x0000000713300000)
 Metaspace       used 28862K, capacity 30958K, committed 31232K, reserved 1077248K
  class space    used 3874K, capacity 4278K, committed 4352K, reserved 1048576K
2021-12-09T13:19:12.226-0900: 22.182: [GC (Allocation Failure) [PSYoungGen: 346648K->15721K(468480K)] 467967K->168290K(782848K), 0.0101482 secs] [Times: user=0.05 sys=0.02, real=0.01 secs] 
Heap after GC invocations=12 (full 2):
 PSYoungGen      total 468480K, used 15721K [0x0000000780000000, 0x000000079fb80000, 0x00000007c0000000)
  eden space 452096K, 0% used [0x0000000780000000,0x0000000780000000,0x000000079b980000)
  from space 16384K, 95% used [0x000000079cb00000,0x000000079da5a440,0x000000079db00000)
  to   space 17920K, 0% used [0x000000079b980000,0x000000079b980000,0x000000079cb00000)
 ParOldGen       total 314368K, used 152569K [0x0000000700000000, 0x0000000713300000, 0x0000000780000000)
  object space 314368K, 48% used [0x0000000700000000,0x00000007094fe520,0x0000000713300000)
 Metaspace       used 28862K, capacity 30958K, committed 31232K, reserved 1077248K
  class space    used 3874K, capacity 4278K, committed 4352K, reserved 1048576K
}
{Heap before GC invocations=13 (full 2):
 PSYoungGen      total 468480K, used 448340K [0x0000000780000000, 0x000000079fb80000, 0x00000007c0000000)
  eden space 452096K, 95% used [0x0000000780000000,0x000000079a67abc0,0x000000079b980000)
  from space 16384K, 95% used [0x000000079cb00000,0x000000079da5a440,0x000000079db00000)
  to   space 17920K, 0% used [0x000000079b980000,0x000000079b980000,0x000000079cb00000)
 ParOldGen       total 314368K, used 152569K [0x0000000700000000, 0x0000000713300000, 0x0000000780000000)
  object space 314368K, 48% used [0x0000000700000000,0x00000007094fe520,0x0000000713300000)
 Metaspace       used 28862K, capacity 30958K, committed 31232K, reserved 1077248K
  class space    used 3874K, capacity 4278K, committed 4352K, reserved 1048576K
2021-12-09T13:19:13.354-0900: 23.310: [GC (Allocation Failure) [PSYoungGen: 448340K->15721K(470016K)] 600909K->191727K(784384K), 0.0118739 secs] [Times: user=0.03 sys=0.04, real=0.01 secs] 
Heap after GC invocations=13 (full 2):
 PSYoungGen      total 470016K, used 15721K [0x0000000780000000, 0x00000007a6000000, 0x00000007c0000000)
  eden space 452096K, 0% used [0x0000000780000000,0x0000000780000000,0x000000079b980000)
  from space 17920K, 87% used [0x000000079b980000,0x000000079c8da440,0x000000079cb00000)
  to   space 19456K, 0% used [0x00000007a4d00000,0x00000007a4d00000,0x00000007a6000000)
 ParOldGen       total 314368K, used 176006K [0x0000000700000000, 0x0000000713300000, 0x0000000780000000)
  object space 314368K, 55% used [0x0000000700000000,0x000000070abe1b80,0x0000000713300000)
 Metaspace       used 28862K, capacity 30958K, committed 31232K, reserved 1077248K
  class space    used 3874K, capacity 4278K, committed 4352K, reserved 1048576K
}
{Heap before GC invocations=14 (full 2):
 PSYoungGen      total 470016K, used 446225K [0x0000000780000000, 0x00000007a6000000, 0x00000007c0000000)
  eden space 452096K, 95% used [0x0000000780000000,0x000000079a46a088,0x000000079b980000)
  from space 17920K, 87% used [0x000000079b980000,0x000000079c8da440,0x000000079cb00000)
  to   space 19456K, 0% used [0x00000007a4d00000,0x00000007a4d00000,0x00000007a6000000)
 ParOldGen       total 314368K, used 176006K [0x0000000700000000, 0x0000000713300000, 0x0000000780000000)
  object space 314368K, 55% used [0x0000000700000000,0x000000070abe1b80,0x0000000713300000)
 Metaspace       used 28862K, capacity 30958K, committed 31232K, reserved 1077248K
  class space    used 3874K, capacity 4278K, committed 4352K, reserved 1048576K
2021-12-09T13:19:14.445-0900: 24.401: [GC (Allocation Failure) [PSYoungGen: 446225K->15721K(598016K)] 622232K->230790K(912384K), 0.0154254 secs] [Times: user=0.05 sys=0.06, real=0.02 secs] 
Heap after GC invocations=14 (full 2):
 PSYoungGen      total 598016K, used 15721K [0x0000000780000000, 0x00000007a5e00000, 0x00000007c0000000)
  eden space 580608K, 0% used [0x0000000780000000,0x0000000780000000,0x00000007a3700000)
  from space 17408K, 90% used [0x00000007a4d00000,0x00000007a5c5a440,0x00000007a5e00000)
  to   space 19968K, 0% used [0x00000007a3700000,0x00000007a3700000,0x00000007a4a80000)
 ParOldGen       total 314368K, used 215069K [0x0000000700000000, 0x0000000713300000, 0x0000000780000000)
  object space 314368K, 68% used [0x0000000700000000,0x000000070d207620,0x0000000713300000)
 Metaspace       used 28862K, capacity 30958K, committed 31232K, reserved 1077248K
  class space    used 3874K, capacity 4278K, committed 4352K, reserved 1048576K
}
{Heap before GC invocations=15 (full 2):
 PSYoungGen      total 598016K, used 577762K [0x0000000780000000, 0x00000007a5e00000, 0x00000007c0000000)
  eden space 580608K, 96% used [0x0000000780000000,0x00000007a24de5d8,0x00000007a3700000)
  from space 17408K, 90% used [0x00000007a4d00000,0x00000007a5c5a440,0x00000007a5e00000)
  to   space 19968K, 0% used [0x00000007a3700000,0x00000007a3700000,0x00000007a4a80000)
 ParOldGen       total 314368K, used 215069K [0x0000000700000000, 0x0000000713300000, 0x0000000780000000)
  object space 314368K, 68% used [0x0000000700000000,0x000000070d207620,0x0000000713300000)
 Metaspace       used 28862K, capacity 30958K, committed 31232K, reserved 1077248K
  class space    used 3874K, capacity 4278K, committed 4352K, reserved 1048576K
2021-12-09T13:19:15.943-0900: 25.899: [GC (Allocation Failure) [PSYoungGen: 577762K->19627K(600576K)] 792832K->281572K(914944K), 0.0543454 secs] [Times: user=0.05 sys=0.05, real=0.05 secs] 
Heap after GC invocations=15 (full 2):
 PSYoungGen      total 600576K, used 19627K [0x0000000780000000, 0x00000007b1980000, 0x00000007c0000000)
  eden space 580608K, 0% used [0x0000000780000000,0x0000000780000000,0x00000007a3700000)
  from space 19968K, 98% used [0x00000007a3700000,0x00000007a4a2ad50,0x00000007a4a80000)
  to   space 22528K, 0% used [0x00000007b0380000,0x00000007b0380000,0x00000007b1980000)
 ParOldGen       total 314368K, used 261944K [0x0000000700000000, 0x0000000713300000, 0x0000000780000000)
  object space 314368K, 83% used [0x0000000700000000,0x000000070ffce2e0,0x0000000713300000)
 Metaspace       used 28862K, capacity 30958K, committed 31232K, reserved 1077248K
  class space    used 3874K, capacity 4278K, committed 4352K, reserved 1048576K
}
{Heap before GC invocations=16 (full 3):
 PSYoungGen      total 600576K, used 19627K [0x0000000780000000, 0x00000007b1980000, 0x00000007c0000000)
  eden space 580608K, 0% used [0x0000000780000000,0x0000000780000000,0x00000007a3700000)
  from space 19968K, 98% used [0x00000007a3700000,0x00000007a4a2ad50,0x00000007a4a80000)
  to   space 22528K, 0% used [0x00000007b0380000,0x00000007b0380000,0x00000007b1980000)
 ParOldGen       total 314368K, used 261944K [0x0000000700000000, 0x0000000713300000, 0x0000000780000000)
  object space 314368K, 83% used [0x0000000700000000,0x000000070ffce2e0,0x0000000713300000)
 Metaspace       used 28862K, capacity 30958K, committed 31232K, reserved 1077248K
  class space    used 3874K, capacity 4278K, committed 4352K, reserved 1048576K
2021-12-09T13:19:15.998-0900: 25.954: [Full GC (Ergonomics) [PSYoungGen: 19627K->0K(600576K)] [ParOldGen: 261944K->278999K(529408K)] 281572K->278999K(1129984K), [Metaspace: 28862K->28862K(1077248K)], 0.1204954 secs] [Times: user=0.62 sys=0.05, real=0.12 secs] 
Heap after GC invocations=16 (full 3):
 PSYoungGen      total 600576K, used 0K [0x0000000780000000, 0x00000007b1980000, 0x00000007c0000000)
  eden space 580608K, 0% used [0x0000000780000000,0x0000000780000000,0x00000007a3700000)
  from space 19968K, 0% used [0x00000007a3700000,0x00000007a3700000,0x00000007a4a80000)
  to   space 22528K, 0% used [0x00000007b0380000,0x00000007b0380000,0x00000007b1980000)
 ParOldGen       total 529408K, used 278999K [0x0000000700000000, 0x0000000720500000, 0x0000000780000000)
  object space 529408K, 52% used [0x0000000700000000,0x0000000711075ec0,0x0000000720500000)
 Metaspace       used 28862K, capacity 30958K, committed 31232K, reserved 1077248K
  class space    used 3874K, capacity 4278K, committed 4352K, reserved 1048576K
}
{Heap before GC invocations=17 (full 3):
 PSYoungGen      total 600576K, used 562139K [0x0000000780000000, 0x00000007b1980000, 0x00000007c0000000)
  eden space 580608K, 96% used [0x0000000780000000,0x00000007a24f6f00,0x00000007a3700000)
  from space 19968K, 0% used [0x00000007a3700000,0x00000007a3700000,0x00000007a4a80000)
  to   space 22528K, 0% used [0x00000007b0380000,0x00000007b0380000,0x00000007b1980000)
 ParOldGen       total 529408K, used 278999K [0x0000000700000000, 0x0000000720500000, 0x0000000780000000)
  object space 529408K, 52% used [0x0000000700000000,0x0000000711075ec0,0x0000000720500000)
 Metaspace       used 28862K, capacity 30958K, committed 31232K, reserved 1077248K
  class space    used 3874K, capacity 4278K, committed 4352K, reserved 1048576K
2021-12-09T13:19:17.533-0900: 27.489: [GC (Allocation Failure) [PSYoungGen: 562139K->19627K(765440K)] 841139K->341595K(1294848K), 0.0160316 secs] [Times: user=0.05 sys=0.06, real=0.01 secs] 
Heap after GC invocations=17 (full 3):
 PSYoungGen      total 765440K, used 19627K [0x0000000780000000, 0x00000007b1700000, 0x00000007c0000000)
  eden space 745472K, 0% used [0x0000000780000000,0x0000000780000000,0x00000007ad800000)
  from space 19968K, 98% used [0x00000007b0380000,0x00000007b16aad50,0x00000007b1700000)
  to   space 24064K, 0% used [0x00000007ae800000,0x00000007ae800000,0x00000007aff80000)
 ParOldGen       total 529408K, used 321968K [0x0000000700000000, 0x0000000720500000, 0x0000000780000000)
  object space 529408K, 60% used [0x0000000700000000,0x0000000713a6c270,0x0000000720500000)
 Metaspace       used 28862K, capacity 30958K, committed 31232K, reserved 1077248K
  class space    used 3874K, capacity 4278K, committed 4352K, reserved 1048576K
}
{Heap before GC invocations=18 (full 3):
 PSYoungGen      total 765440K, used 752933K [0x0000000780000000, 0x00000007b1700000, 0x00000007c0000000)
  eden space 745472K, 98% used [0x0000000780000000,0x00000007acc1e9c8,0x00000007ad800000)
  from space 19968K, 98% used [0x00000007b0380000,0x00000007b16aad50,0x00000007b1700000)
  to   space 24064K, 0% used [0x00000007ae800000,0x00000007ae800000,0x00000007aff80000)
 ParOldGen       total 529408K, used 321968K [0x0000000700000000, 0x0000000720500000, 0x0000000780000000)
  object space 529408K, 60% used [0x0000000700000000,0x0000000713a6c270,0x0000000720500000)
 Metaspace       used 28862K, capacity 30958K, committed 31232K, reserved 1077248K
  class space    used 3874K, capacity 4278K, committed 4352K, reserved 1048576K
2021-12-09T13:19:19.451-0900: 29.407: [GC (Allocation Failure) [PSYoungGen: 752933K->23533K(785920K)] 1074902K->408002K(1315328K), 0.0321343 secs] [Times: user=0.06 sys=0.09, real=0.03 secs] 
Heap after GC invocations=18 (full 3):
 PSYoungGen      total 785920K, used 23533K [0x0000000780000000, 0x00000007bd780000, 0x00000007c0000000)
  eden space 761856K, 0% used [0x0000000780000000,0x0000000780000000,0x00000007ae800000)
  from space 24064K, 97% used [0x00000007ae800000,0x00000007afefb660,0x00000007aff80000)
  to   space 26624K, 0% used [0x00000007bbd80000,0x00000007bbd80000,0x00000007bd780000)
 ParOldGen       total 529408K, used 384468K [0x0000000700000000, 0x0000000720500000, 0x0000000780000000)
  object space 529408K, 72% used [0x0000000700000000,0x0000000717775370,0x0000000720500000)
 Metaspace       used 28862K, capacity 30958K, committed 31232K, reserved 1077248K
  class space    used 3874K, capacity 4278K, committed 4352K, reserved 1048576K
}
{Heap before GC invocations=19 (full 3):
 PSYoungGen      total 785920K, used 762365K [0x0000000780000000, 0x00000007bd780000, 0x00000007c0000000)
  eden space 761856K, 96% used [0x0000000780000000,0x00000007ad183fb8,0x00000007ae800000)
  from space 24064K, 97% used [0x00000007ae800000,0x00000007afefb660,0x00000007aff80000)
  to   space 26624K, 0% used [0x00000007bbd80000,0x00000007bbd80000,0x00000007bd780000)
 ParOldGen       total 529408K, used 384468K [0x0000000700000000, 0x0000000720500000, 0x0000000780000000)
  object space 529408K, 72% used [0x0000000700000000,0x0000000717775370,0x0000000720500000)
 Metaspace       used 28864K, capacity 30958K, committed 31232K, reserved 1077248K
  class space    used 3874K, capacity 4278K, committed 4352K, reserved 1048576K
2021-12-09T13:19:21.336-0900: 31.292: [GC (Allocation Failure) [PSYoungGen: 762365K->23629K(977920K)] 1146834K->478411K(1507328K), 0.0406637 secs] [Times: user=0.08 sys=0.10, real=0.04 secs] 
Heap after GC invocations=19 (full 3):
 PSYoungGen      total 977920K, used 23629K [0x0000000780000000, 0x00000007bf680000, 0x00000007c0000000)
  eden space 951296K, 0% used [0x0000000780000000,0x0000000780000000,0x00000007ba100000)
  from space 26624K, 88% used [0x00000007bbd80000,0x00000007bd493660,0x00000007bd780000)
  to   space 29184K, 0% used [0x00000007ba100000,0x00000007ba100000,0x00000007bbd80000)
 ParOldGen       total 529408K, used 454781K [0x0000000700000000, 0x0000000720500000, 0x0000000780000000)
  object space 529408K, 85% used [0x0000000700000000,0x000000071bc1f690,0x0000000720500000)
 Metaspace       used 28864K, capacity 30958K, committed 31232K, reserved 1077248K
  class space    used 3874K, capacity 4278K, committed 4352K, reserved 1048576K
}
{Heap before GC invocations=20 (full 4):
 PSYoungGen      total 977920K, used 23629K [0x0000000780000000, 0x00000007bf680000, 0x00000007c0000000)
  eden space 951296K, 0% used [0x0000000780000000,0x0000000780000000,0x00000007ba100000)
  from space 26624K, 88% used [0x00000007bbd80000,0x00000007bd493660,0x00000007bd780000)
  to   space 29184K, 0% used [0x00000007ba100000,0x00000007ba100000,0x00000007bbd80000)
 ParOldGen       total 529408K, used 454781K [0x0000000700000000, 0x0000000720500000, 0x0000000780000000)
  object space 529408K, 85% used [0x0000000700000000,0x000000071bc1f690,0x0000000720500000)
 Metaspace       used 28864K, capacity 30958K, committed 31232K, reserved 1077248K
  class space    used 3874K, capacity 4278K, committed 4352K, reserved 1048576K
2021-12-09T13:19:21.377-0900: 31.333: [Full GC (Ergonomics) [PSYoungGen: 23629K->0K(977920K)] [ParOldGen: 454781K->462596K(796160K)] 478411K->462596K(1774080K), [Metaspace: 28864K->28864K(1077248K)], 0.0741128 secs] [Times: user=0.23 sys=0.02, real=0.08 secs] 
Heap after GC invocations=20 (full 4):
 PSYoungGen      total 977920K, used 0K [0x0000000780000000, 0x00000007bf680000, 0x00000007c0000000)
  eden space 951296K, 0% used [0x0000000780000000,0x0000000780000000,0x00000007ba100000)
  from space 26624K, 0% used [0x00000007bbd80000,0x00000007bbd80000,0x00000007bd780000)
  to   space 29184K, 0% used [0x00000007ba100000,0x00000007ba100000,0x00000007bbd80000)
 ParOldGen       total 796160K, used 462596K [0x0000000700000000, 0x0000000730980000, 0x0000000780000000)
  object space 796160K, 58% used [0x0000000700000000,0x000000071c3c10b8,0x0000000730980000)
 Metaspace       used 28864K, capacity 30958K, committed 31232K, reserved 1077248K
  class space    used 3874K, capacity 4278K, committed 4352K, reserved 1048576K
}
{Heap before GC invocations=21 (full 4):
 PSYoungGen      total 977920K, used 949954K [0x0000000780000000, 0x00000007bf680000, 0x00000007c0000000)
  eden space 951296K, 99% used [0x0000000780000000,0x00000007b9fb0978,0x00000007ba100000)
  from space 26624K, 0% used [0x00000007bbd80000,0x00000007bbd80000,0x00000007bd780000)
  to   space 29184K, 0% used [0x00000007ba100000,0x00000007ba100000,0x00000007bbd80000)
 ParOldGen       total 796160K, used 462596K [0x0000000700000000, 0x0000000730980000, 0x0000000780000000)
  object space 796160K, 58% used [0x0000000700000000,0x000000071c3c10b8,0x0000000730980000)
 Metaspace       used 28864K, capacity 30958K, committed 31232K, reserved 1077248K
  class space    used 3874K, capacity 4278K, committed 4352K, reserved 1048576K
2021-12-09T13:19:23.907-0900: 33.863: [GC (Allocation Failure) [PSYoungGen: 949954K->27407K(980480K)] 1412550K->548598K(1776640K), 0.0323165 secs] [Times: user=0.07 sys=0.12, real=0.03 secs] 
Heap after GC invocations=21 (full 4):
 PSYoungGen      total 980480K, used 27407K [0x0000000780000000, 0x00000007c0000000, 0x00000007c0000000)
  eden space 951296K, 0% used [0x0000000780000000,0x0000000780000000,0x00000007ba100000)
  from space 29184K, 93% used [0x00000007ba100000,0x00000007bbbc3f70,0x00000007bbd80000)
  to   space 32256K, 0% used [0x00000007be080000,0x00000007be080000,0x00000007c0000000)
 ParOldGen       total 796160K, used 521190K [0x0000000700000000, 0x0000000730980000, 0x0000000780000000)
  object space 796160K, 65% used [0x0000000700000000,0x000000071fcf98a8,0x0000000730980000)
 Metaspace       used 28864K, capacity 30958K, committed 31232K, reserved 1077248K
  class space    used 3874K, capacity 4278K, committed 4352K, reserved 1048576K
}
{Heap before GC invocations=22 (full 4):
 PSYoungGen      total 980480K, used 975753K [0x0000000780000000, 0x00000007c0000000, 0x00000007c0000000)
  eden space 951296K, 99% used [0x0000000780000000,0x00000007b9e1e808,0x00000007ba100000)
  from space 29184K, 93% used [0x00000007ba100000,0x00000007bbbc3f70,0x00000007bbd80000)
  to   space 32256K, 0% used [0x00000007be080000,0x00000007be080000,0x00000007c0000000)
 ParOldGen       total 796160K, used 521190K [0x0000000700000000, 0x0000000730980000, 0x0000000780000000)
  object space 796160K, 65% used [0x0000000700000000,0x000000071fcf98a8,0x0000000730980000)
 Metaspace       used 28864K, capacity 30958K, committed 31232K, reserved 1077248K
  class space    used 3874K, capacity 4278K, committed 4352K, reserved 1048576K
2021-12-09T13:19:26.330-0900: 36.286: [GC (Allocation Failure) [PSYoungGen: 975753K->31346K(1008128K)] 1496944K->634567K(1804288K), 0.0531874 secs] [Times: user=0.11 sys=0.15, real=0.05 secs] 
Heap after GC invocations=22 (full 4):
 PSYoungGen      total 1008128K, used 31346K [0x0000000780000000, 0x00000007c0000000, 0x00000007c0000000)
  eden space 975872K, 0% used [0x0000000780000000,0x0000000780000000,0x00000007bb900000)
  from space 32256K, 97% used [0x00000007be080000,0x00000007bff1c880,0x00000007c0000000)
  to   space 36352K, 0% used [0x00000007bb900000,0x00000007bb900000,0x00000007bdc80000)
 ParOldGen       total 796160K, used 603221K [0x0000000700000000, 0x0000000730980000, 0x0000000780000000)
  object space 796160K, 75% used [0x0000000700000000,0x0000000724d156f8,0x0000000730980000)
 Metaspace       used 28864K, capacity 30958K, committed 31232K, reserved 1077248K
  class space    used 3874K, capacity 4278K, committed 4352K, reserved 1048576K
}
{Heap before GC invocations=23 (full 4):
 PSYoungGen      total 1008128K, used 980284K [0x0000000780000000, 0x00000007c0000000, 0x00000007c0000000)
  eden space 975872K, 97% used [0x0000000780000000,0x00000007b9eb2998,0x00000007bb900000)
  from space 32256K, 97% used [0x00000007be080000,0x00000007bff1c880,0x00000007c0000000)
  to   space 36352K, 0% used [0x00000007bb900000,0x00000007bb900000,0x00000007bdc80000)
 ParOldGen       total 796160K, used 603221K [0x0000000700000000, 0x0000000730980000, 0x0000000780000000)
  object space 796160K, 75% used [0x0000000700000000,0x0000000724d156f8,0x0000000730980000)
 Metaspace       used 28864K, capacity 30958K, committed 31232K, reserved 1077248K
  class space    used 3874K, capacity 4278K, committed 4352K, reserved 1048576K
2021-12-09T13:19:28.778-0900: 38.734: [GC (Allocation Failure) [PSYoungGen: 980284K->35220K(1011200K)] 1583506K->755630K(1807360K), 0.0562328 secs] [Times: user=0.11 sys=0.18, real=0.06 secs] 
Heap after GC invocations=23 (full 4):
 PSYoungGen      total 1011200K, used 35220K [0x0000000780000000, 0x00000007c0000000, 0x00000007c0000000)
  eden space 975872K, 0% used [0x0000000780000000,0x0000000780000000,0x00000007bb900000)
  from space 35328K, 99% used [0x00000007bb900000,0x00000007bdb65190,0x00000007bdb80000)
  to   space 37376K, 0% used [0x00000007bdb80000,0x00000007bdb80000,0x00000007c0000000)
 ParOldGen       total 796160K, used 720409K [0x0000000700000000, 0x0000000730980000, 0x0000000780000000)
  object space 796160K, 90% used [0x0000000700000000,0x000000072bf866d8,0x0000000730980000)
 Metaspace       used 28864K, capacity 30958K, committed 31232K, reserved 1077248K
  class space    used 3874K, capacity 4278K, committed 4352K, reserved 1048576K
}
{Heap before GC invocations=24 (full 5):
 PSYoungGen      total 1011200K, used 35220K [0x0000000780000000, 0x00000007c0000000, 0x00000007c0000000)
  eden space 975872K, 0% used [0x0000000780000000,0x0000000780000000,0x00000007bb900000)
  from space 35328K, 99% used [0x00000007bb900000,0x00000007bdb65190,0x00000007bdb80000)
  to   space 37376K, 0% used [0x00000007bdb80000,0x00000007bdb80000,0x00000007c0000000)
 ParOldGen       total 796160K, used 720409K [0x0000000700000000, 0x0000000730980000, 0x0000000780000000)
  object space 796160K, 90% used [0x0000000700000000,0x000000072bf866d8,0x0000000730980000)
 Metaspace       used 28864K, capacity 30958K, committed 31232K, reserved 1077248K
  class space    used 3874K, capacity 4278K, committed 4352K, reserved 1048576K
2021-12-09T13:19:28.834-0900: 38.790: [Full GC (Ergonomics) [PSYoungGen: 35220K->0K(1011200K)] [ParOldGen: 720409K->720410K(1137664K)] 755630K->720410K(2148864K), [Metaspace: 28864K->28864K(1077248K)], 0.0565109 secs] [Times: user=0.18 sys=0.02, real=0.06 secs] 
Heap after GC invocations=24 (full 5):
 PSYoungGen      total 1011200K, used 0K [0x0000000780000000, 0x00000007c0000000, 0x00000007c0000000)
  eden space 975872K, 0% used [0x0000000780000000,0x0000000780000000,0x00000007bb900000)
  from space 35328K, 0% used [0x00000007bb900000,0x00000007bb900000,0x00000007bdb80000)
  to   space 37376K, 0% used [0x00000007bdb80000,0x00000007bdb80000,0x00000007c0000000)
 ParOldGen       total 1137664K, used 720410K [0x0000000700000000, 0x0000000745700000, 0x0000000780000000)
  object space 1137664K, 63% used [0x0000000700000000,0x000000072bf86b18,0x0000000745700000)
 Metaspace       used 28864K, capacity 30958K, committed 31232K, reserved 1077248K
  class space    used 3874K, capacity 4278K, committed 4352K, reserved 1048576K
}
{Heap before GC invocations=25 (full 5):
 PSYoungGen      total 1011200K, used 949006K [0x0000000780000000, 0x00000007c0000000, 0x00000007c0000000)
  eden space 975872K, 97% used [0x0000000780000000,0x00000007b9ec3870,0x00000007bb900000)
  from space 35328K, 0% used [0x00000007bb900000,0x00000007bb900000,0x00000007bdb80000)
  to   space 37376K, 0% used [0x00000007bdb80000,0x00000007bdb80000,0x00000007c0000000)
 ParOldGen       total 1137664K, used 720410K [0x0000000700000000, 0x0000000745700000, 0x0000000780000000)
  object space 1137664K, 63% used [0x0000000700000000,0x000000072bf86b18,0x0000000745700000)
 Metaspace       used 28864K, capacity 30958K, committed 31232K, reserved 1077248K
  class space    used 3874K, capacity 4278K, committed 4352K, reserved 1048576K
2021-12-09T13:19:31.282-0900: 41.238: [GC (Allocation Failure) [PSYoungGen: 949006K->35220K(996864K)] 1669416K->806412K(2134528K), 0.0265419 secs] [Times: user=0.07 sys=0.08, real=0.02 secs] 
Heap after GC invocations=25 (full 5):
 PSYoungGen      total 996864K, used 35220K [0x0000000780000000, 0x00000007c0000000, 0x00000007c0000000)
  eden space 959488K, 0% used [0x0000000780000000,0x0000000780000000,0x00000007ba900000)
  from space 37376K, 94% used [0x00000007bdb80000,0x00000007bfde5190,0x00000007c0000000)
  to   space 44544K, 0% used [0x00000007ba900000,0x00000007ba900000,0x00000007bd480000)
 ParOldGen       total 1137664K, used 771192K [0x0000000700000000, 0x0000000745700000, 0x0000000780000000)
  object space 1137664K, 67% used [0x0000000700000000,0x000000072f11e0e8,0x0000000745700000)
 Metaspace       used 28864K, capacity 30958K, committed 31232K, reserved 1077248K
  class space    used 3874K, capacity 4278K, committed 4352K, reserved 1048576K
}
{Heap before GC invocations=26 (full 5):
 PSYoungGen      total 996864K, used 986378K [0x0000000780000000, 0x00000007c0000000, 0x00000007c0000000)
  eden space 959488K, 99% used [0x0000000780000000,0x00000007ba0dda48,0x00000007ba900000)
  from space 37376K, 94% used [0x00000007bdb80000,0x00000007bfde5190,0x00000007c0000000)
  to   space 44544K, 0% used [0x00000007ba900000,0x00000007ba900000,0x00000007bd480000)
 ParOldGen       total 1137664K, used 771192K [0x0000000700000000, 0x0000000745700000, 0x0000000780000000)
  object space 1137664K, 67% used [0x0000000700000000,0x000000072f11e0e8,0x0000000745700000)
 Metaspace       used 28864K, capacity 30958K, committed 31232K, reserved 1077248K
  class space    used 3874K, capacity 4278K, committed 4352K, reserved 1048576K
2021-12-09T13:19:33.711-0900: 43.667: [GC (Allocation Failure) [PSYoungGen: 986378K->43064K(1003008K)] 1757571K->892382K(2140672K), 0.0628033 secs] [Times: user=0.11 sys=0.10, real=0.06 secs] 
Heap after GC invocations=26 (full 5):
 PSYoungGen      total 1003008K, used 43064K [0x0000000780000000, 0x00000007c0000000, 0x00000007c0000000)
  eden space 959488K, 0% used [0x0000000780000000,0x0000000780000000,0x00000007ba900000)
  from space 43520K, 98% used [0x00000007ba900000,0x00000007bd30e3b0,0x00000007bd380000)
  to   space 45568K, 0% used [0x00000007bd380000,0x00000007bd380000,0x00000007c0000000)
 ParOldGen       total 1137664K, used 849317K [0x0000000700000000, 0x0000000745700000, 0x0000000780000000)
  object space 1137664K, 74% used [0x0000000700000000,0x0000000733d69628,0x0000000745700000)
 Metaspace       used 28864K, capacity 30958K, committed 31232K, reserved 1077248K
  class space    used 3874K, capacity 4278K, committed 4352K, reserved 1048576K
}
{Heap before GC invocations=27 (full 5):
 PSYoungGen      total 1003008K, used 991712K [0x0000000780000000, 0x00000007c0000000, 0x00000007c0000000)
  eden space 959488K, 98% used [0x0000000780000000,0x00000007b9e69c60,0x00000007ba900000)
  from space 43520K, 98% used [0x00000007ba900000,0x00000007bd30e3b0,0x00000007bd380000)
  to   space 45568K, 0% used [0x00000007bd380000,0x00000007bd380000,0x00000007c0000000)
 ParOldGen       total 1137664K, used 849317K [0x0000000700000000, 0x0000000745700000, 0x0000000780000000)
  object space 1137664K, 74% used [0x0000000700000000,0x0000000733d69628,0x0000000745700000)
 Metaspace       used 28864K, capacity 30958K, committed 31232K, reserved 1077248K
  class space    used 3874K, capacity 4278K, committed 4352K, reserved 1048576K
2021-12-09T13:19:36.157-0900: 46.113: [GC (Allocation Failure) [PSYoungGen: 991712K->43032K(983552K)] 1841029K->1029069K(2121216K), 0.0666420 secs] [Times: user=0.12 sys=0.20, real=0.07 secs] 
Heap after GC invocations=27 (full 5):
 PSYoungGen      total 983552K, used 43032K [0x0000000780000000, 0x00000007c0000000, 0x00000007c0000000)
  eden space 937984K, 0% used [0x0000000780000000,0x0000000780000000,0x00000007b9400000)
  from space 45568K, 94% used [0x00000007bd380000,0x00000007bfd863b0,0x00000007c0000000)
  to   space 55296K, 0% used [0x00000007b9400000,0x00000007b9400000,0x00000007bca00000)
 ParOldGen       total 1137664K, used 986036K [0x0000000700000000, 0x0000000745700000, 0x0000000780000000)
  object space 1137664K, 86% used [0x0000000700000000,0x000000073c2ed358,0x0000000745700000)
 Metaspace       used 28864K, capacity 30958K, committed 31232K, reserved 1077248K
  class space    used 3874K, capacity 4278K, committed 4352K, reserved 1048576K
}
{Heap before GC invocations=28 (full 5):
 PSYoungGen      total 983552K, used 948342K [0x0000000780000000, 0x00000007c0000000, 0x00000007c0000000)
  eden space 937984K, 96% used [0x0000000780000000,0x00000007b7417590,0x00000007b9400000)
  from space 45568K, 94% used [0x00000007bd380000,0x00000007bfd863b0,0x00000007c0000000)
  to   space 55296K, 0% used [0x00000007b9400000,0x00000007b9400000,0x00000007bca00000)
 ParOldGen       total 1137664K, used 986036K [0x0000000700000000, 0x0000000745700000, 0x0000000780000000)
  object space 1137664K, 86% used [0x0000000700000000,0x000000073c2ed358,0x0000000745700000)
 Metaspace       used 28864K, capacity 30958K, committed 31232K, reserved 1077248K
  class space    used 3874K, capacity 4278K, committed 4352K, reserved 1048576K
2021-12-09T13:19:38.503-0900: 48.460: [GC (Allocation Failure) [PSYoungGen: 948342K->54751K(992768K)] 1934379K->1122820K(2130432K), 0.0519983 secs] [Times: user=0.10 sys=0.14, real=0.05 secs] 
Heap after GC invocations=28 (full 5):
 PSYoungGen      total 992768K, used 54751K [0x0000000780000000, 0x00000007c0000000, 0x00000007c0000000)
  eden space 937984K, 0% used [0x0000000780000000,0x0000000780000000,0x00000007b9400000)
  from space 54784K, 99% used [0x00000007b9400000,0x00000007bc977ee0,0x00000007bc980000)
  to   space 55808K, 0% used [0x00000007bc980000,0x00000007bc980000,0x00000007c0000000)
 ParOldGen       total 1137664K, used 1068068K [0x0000000700000000, 0x0000000745700000, 0x0000000780000000)
  object space 1137664K, 93% used [0x0000000700000000,0x00000007413091a8,0x0000000745700000)
 Metaspace       used 28864K, capacity 30958K, committed 31232K, reserved 1077248K
  class space    used 3874K, capacity 4278K, committed 4352K, reserved 1048576K
}
{Heap before GC invocations=29 (full 6):
 PSYoungGen      total 992768K, used 54751K [0x0000000780000000, 0x00000007c0000000, 0x00000007c0000000)
  eden space 937984K, 0% used [0x0000000780000000,0x0000000780000000,0x00000007b9400000)
  from space 54784K, 99% used [0x00000007b9400000,0x00000007bc977ee0,0x00000007bc980000)
  to   space 55808K, 0% used [0x00000007bc980000,0x00000007bc980000,0x00000007c0000000)
 ParOldGen       total 1137664K, used 1068068K [0x0000000700000000, 0x0000000745700000, 0x0000000780000000)
  object space 1137664K, 93% used [0x0000000700000000,0x00000007413091a8,0x0000000745700000)
 Metaspace       used 28864K, capacity 30958K, committed 31232K, reserved 1077248K
  class space    used 3874K, capacity 4278K, committed 4352K, reserved 1048576K
2021-12-09T13:19:38.556-0900: 48.512: [Full GC (Ergonomics) [PSYoungGen: 54751K->0K(992768K)] [ParOldGen: 1068068K->1060257K(1546240K)] 1122820K->1060257K(2539008K), [Metaspace: 28864K->28864K(1077248K)], 0.0673393 secs] [Times: user=0.25 sys=0.02, real=0.07 secs] 
Heap after GC invocations=29 (full 6):
 PSYoungGen      total 992768K, used 0K [0x0000000780000000, 0x00000007c0000000, 0x00000007c0000000)
  eden space 937984K, 0% used [0x0000000780000000,0x0000000780000000,0x00000007b9400000)
  from space 54784K, 0% used [0x00000007b9400000,0x00000007b9400000,0x00000007bc980000)
  to   space 55808K, 0% used [0x00000007bc980000,0x00000007bc980000,0x00000007c0000000)
 ParOldGen       total 1546240K, used 1060257K [0x0000000700000000, 0x000000075e600000, 0x0000000780000000)
  object space 1546240K, 68% used [0x0000000700000000,0x0000000740b685b0,0x000000075e600000)
 Metaspace       used 28864K, capacity 30958K, committed 31232K, reserved 1077248K
  class space    used 3874K, capacity 4278K, committed 4352K, reserved 1048576K
}
{Heap before GC invocations=30 (full 6):
 PSYoungGen      total 992768K, used 909311K [0x0000000780000000, 0x00000007c0000000, 0x00000007c0000000)
  eden space 937984K, 96% used [0x0000000780000000,0x00000007b77ffe38,0x00000007b9400000)
  from space 54784K, 0% used [0x00000007b9400000,0x00000007b9400000,0x00000007bc980000)
  to   space 55808K, 0% used [0x00000007bc980000,0x00000007bc980000,0x00000007c0000000)
 ParOldGen       total 1546240K, used 1060257K [0x0000000700000000, 0x000000075e600000, 0x0000000780000000)
  object space 1546240K, 68% used [0x0000000700000000,0x0000000740b685b0,0x000000075e600000)
 Metaspace       used 28864K, capacity 30958K, committed 31232K, reserved 1077248K
  class space    used 3874K, capacity 4278K, committed 4352K, reserved 1048576K
2021-12-09T13:19:40.882-0900: 50.838: [GC (Allocation Failure) [PSYoungGen: 909311K->54751K(966144K)] 1969568K->1142361K(2512384K), 0.0181367 secs] [Times: user=0.09 sys=0.02, real=0.02 secs] 
Heap after GC invocations=30 (full 6):
 PSYoungGen      total 966144K, used 54751K [0x0000000780000000, 0x00000007c0000000, 0x00000007c0000000)
  eden space 910336K, 0% used [0x0000000780000000,0x0000000780000000,0x00000007b7900000)
  from space 55808K, 98% used [0x00000007bc980000,0x00000007bfef7ee0,0x00000007c0000000)
  to   space 69120K, 0% used [0x00000007b7900000,0x00000007b7900000,0x00000007bbc80000)
 ParOldGen       total 1546240K, used 1087609K [0x0000000700000000, 0x000000075e600000, 0x0000000780000000)
  object space 1546240K, 70% used [0x0000000700000000,0x000000074261e520,0x000000075e600000)
 Metaspace       used 28864K, capacity 30958K, committed 31232K, reserved 1077248K
  class space    used 3874K, capacity 4278K, committed 4352K, reserved 1048576K
}
{Heap before GC invocations=31 (full 6):
 PSYoungGen      total 966144K, used 960996K [0x0000000780000000, 0x00000007c0000000, 0x00000007c0000000)
  eden space 910336K, 99% used [0x0000000780000000,0x00000007b7501388,0x00000007b7900000)
  from space 55808K, 98% used [0x00000007bc980000,0x00000007bfef7ee0,0x00000007c0000000)
  to   space 69120K, 0% used [0x00000007b7900000,0x00000007b7900000,0x00000007bbc80000)
 ParOldGen       total 1546240K, used 1087609K [0x0000000700000000, 0x000000075e600000, 0x0000000780000000)
  object space 1546240K, 70% used [0x0000000700000000,0x000000074261e520,0x000000075e600000)
 Metaspace       used 28864K, capacity 30958K, committed 31232K, reserved 1077248K
  class space    used 3874K, capacity 4278K, committed 4352K, reserved 1048576K
2021-12-09T13:19:43.192-0900: 53.148: [GC (Allocation Failure) [PSYoungGen: 960996K->66438K(976896K)] 2048605K->1224360K(2523136K), 0.0454650 secs] [Times: user=0.14 sys=0.11, real=0.04 secs] 
Heap after GC invocations=31 (full 6):
 PSYoungGen      total 976896K, used 66438K [0x0000000780000000, 0x00000007c0000000, 0x00000007c0000000)
  eden space 910336K, 0% used [0x0000000780000000,0x0000000780000000,0x00000007b7900000)
  from space 66560K, 99% used [0x00000007b7900000,0x00000007bb9e1a10,0x00000007bba00000)
  to   space 71680K, 0% used [0x00000007bba00000,0x00000007bba00000,0x00000007c0000000)
 ParOldGen       total 1546240K, used 1157922K [0x0000000700000000, 0x000000075e600000, 0x0000000780000000)
  object space 1546240K, 74% used [0x0000000700000000,0x0000000746ac8840,0x000000075e600000)
 Metaspace       used 28864K, capacity 30958K, committed 31232K, reserved 1077248K
  class space    used 3874K, capacity 4278K, committed 4352K, reserved 1048576K
}
{Heap before GC invocations=32 (full 6):
 PSYoungGen      total 976896K, used 971164K [0x0000000780000000, 0x00000007c0000000, 0x00000007c0000000)
  eden space 910336K, 99% used [0x0000000780000000,0x00000007b73855f8,0x00000007b7900000)
  from space 66560K, 99% used [0x00000007b7900000,0x00000007bb9e1a10,0x00000007bba00000)
  to   space 71680K, 0% used [0x00000007bba00000,0x00000007bba00000,0x00000007c0000000)
 ParOldGen       total 1546240K, used 1157922K [0x0000000700000000, 0x000000075e600000, 0x0000000780000000)
  object space 1546240K, 74% used [0x0000000700000000,0x0000000746ac8840,0x000000075e600000)
 Metaspace       used 28864K, capacity 30958K, committed 31232K, reserved 1077248K
  class space    used 3874K, capacity 4278K, committed 4352K, reserved 1048576K
2021-12-09T13:19:45.509-0900: 55.465: [GC (Allocation Failure) [PSYoungGen: 971164K->70408K(945152K)] 2129086K->1306456K(2491392K), 0.0436215 secs] [Times: user=0.12 sys=0.13, real=0.05 secs] 
Heap after GC invocations=32 (full 6):
 PSYoungGen      total 945152K, used 70408K [0x0000000780000000, 0x00000007c0000000, 0x00000007c0000000)
  eden space 873472K, 0% used [0x0000000780000000,0x0000000780000000,0x00000007b5500000)
  from space 71680K, 98% used [0x00000007bba00000,0x00000007bfec2320,0x00000007c0000000)
  to   space 87552K, 0% used [0x00000007b5500000,0x00000007b5500000,0x00000007baa80000)
 ParOldGen       total 1546240K, used 1236047K [0x0000000700000000, 0x000000075e600000, 0x0000000780000000)
  object space 1546240K, 79% used [0x0000000700000000,0x000000074b713d80,0x000000075e600000)
 Metaspace       used 28864K, capacity 30958K, committed 31232K, reserved 1077248K
  class space    used 3874K, capacity 4278K, committed 4352K, reserved 1048576K
}
{Heap before GC invocations=33 (full 6):
 PSYoungGen      total 945152K, used 931488K [0x0000000780000000, 0x00000007c0000000, 0x00000007c0000000)
  eden space 873472K, 98% used [0x0000000780000000,0x00000007b48e5ea0,0x00000007b5500000)
  from space 71680K, 98% used [0x00000007bba00000,0x00000007bfec2320,0x00000007c0000000)
  to   space 87552K, 0% used [0x00000007b5500000,0x00000007b5500000,0x00000007baa80000)
 ParOldGen       total 1546240K, used 1236047K [0x0000000700000000, 0x000000075e600000, 0x0000000780000000)
  object space 1546240K, 79% used [0x0000000700000000,0x000000074b713d80,0x000000075e600000)
 Metaspace       used 28864K, capacity 30958K, committed 31232K, reserved 1077248K
  class space    used 3874K, capacity 4278K, committed 4352K, reserved 1048576K
2021-12-09T13:19:47.718-0900: 57.674: [GC (Allocation Failure) [PSYoungGen: 931488K->86033K(960000K)] 2167535K->1384581K(2506240K), 0.0367653 secs] [Times: user=0.13 sys=0.07, real=0.04 secs] 
Heap after GC invocations=33 (full 6):
 PSYoungGen      total 960000K, used 86033K [0x0000000780000000, 0x00000007c0000000, 0x00000007c0000000)
  eden space 873472K, 0% used [0x0000000780000000,0x0000000780000000,0x00000007b5500000)
  from space 86528K, 99% used [0x00000007b5500000,0x00000007ba904760,0x00000007ba980000)
  to   space 88576K, 0% used [0x00000007ba980000,0x00000007ba980000,0x00000007c0000000)
 ParOldGen       total 1546240K, used 1298547K [0x0000000700000000, 0x000000075e600000, 0x0000000780000000)
  object space 1546240K, 83% used [0x0000000700000000,0x000000074f41ce80,0x000000075e600000)
 Metaspace       used 28864K, capacity 30958K, committed 31232K, reserved 1077248K
  class space    used 3874K, capacity 4278K, committed 4352K, reserved 1048576K
}
{Heap before GC invocations=34 (full 6):
 PSYoungGen      total 960000K, used 947151K [0x0000000780000000, 0x00000007c0000000, 0x00000007c0000000)
  eden space 873472K, 98% used [0x0000000780000000,0x00000007b48ef6e0,0x00000007b5500000)
  from space 86528K, 99% used [0x00000007b5500000,0x00000007ba904760,0x00000007ba980000)
  to   space 88576K, 0% used [0x00000007ba980000,0x00000007ba980000,0x00000007c0000000)
 ParOldGen       total 1546240K, used 1298547K [0x0000000700000000, 0x000000075e600000, 0x0000000780000000)
  object space 1546240K, 83% used [0x0000000700000000,0x000000074f41ce80,0x000000075e600000)
 Metaspace       used 28864K, capacity 30958K, committed 31232K, reserved 1077248K
  class space    used 3874K, capacity 4278K, committed 4352K, reserved 1048576K
2021-12-09T13:19:49.922-0900: 59.879: [GC (Allocation Failure) [PSYoungGen: 947151K->86065K(915968K)] 2245699K->1509613K(2462208K), 0.0897918 secs] [Times: user=0.41 sys=0.21, real=0.09 secs] 
Heap after GC invocations=34 (full 6):
 PSYoungGen      total 915968K, used 86065K [0x0000000780000000, 0x00000007c0000000, 0x00000007c0000000)
  eden space 827392K, 0% used [0x0000000780000000,0x0000000780000000,0x00000007b2800000)
  from space 88576K, 97% used [0x00000007ba980000,0x00000007bfd8c760,0x00000007c0000000)
  to   space 110592K, 0% used [0x00000007b2800000,0x00000007b2800000,0x00000007b9400000)
 ParOldGen       total 1546240K, used 1423548K [0x0000000700000000, 0x000000075e600000, 0x0000000780000000)
  object space 1546240K, 92% used [0x0000000700000000,0x0000000756e2f080,0x000000075e600000)
 Metaspace       used 28864K, capacity 30958K, committed 31232K, reserved 1077248K
  class space    used 3874K, capacity 4278K, committed 4352K, reserved 1048576K
}
{Heap before GC invocations=35 (full 7):
 PSYoungGen      total 915968K, used 86065K [0x0000000780000000, 0x00000007c0000000, 0x00000007c0000000)
  eden space 827392K, 0% used [0x0000000780000000,0x0000000780000000,0x00000007b2800000)
  from space 88576K, 97% used [0x00000007ba980000,0x00000007bfd8c760,0x00000007c0000000)
  to   space 110592K, 0% used [0x00000007b2800000,0x00000007b2800000,0x00000007b9400000)
 ParOldGen       total 1546240K, used 1423548K [0x0000000700000000, 0x000000075e600000, 0x0000000780000000)
  object space 1546240K, 92% used [0x0000000700000000,0x0000000756e2f080,0x000000075e600000)
 Metaspace       used 28864K, capacity 30958K, committed 31232K, reserved 1077248K
  class space    used 3874K, capacity 4278K, committed 4352K, reserved 1048576K
2021-12-09T13:19:50.013-0900: 59.969: [Full GC (Ergonomics) [PSYoungGen: 86065K->0K(915968K)] [ParOldGen: 1423548K->1462613K(1985536K)] 1509613K->1462613K(2901504K), [Metaspace: 28864K->28864K(1077248K)], 0.0963505 secs] [Times: user=0.20 sys=0.07, real=0.09 secs] 
Heap after GC invocations=35 (full 7):
 PSYoungGen      total 915968K, used 0K [0x0000000780000000, 0x00000007c0000000, 0x00000007c0000000)
  eden space 827392K, 0% used [0x0000000780000000,0x0000000780000000,0x00000007b2800000)
  from space 88576K, 0% used [0x00000007ba980000,0x00000007ba980000,0x00000007c0000000)
  to   space 110592K, 0% used [0x00000007b2800000,0x00000007b2800000,0x00000007b9400000)
 ParOldGen       total 1985536K, used 1462613K [0x0000000700000000, 0x0000000779300000, 0x0000000780000000)
  object space 1985536K, 73% used [0x0000000700000000,0x0000000759455470,0x0000000779300000)
 Metaspace       used 28864K, capacity 30958K, committed 31232K, reserved 1077248K
  class space    used 3874K, capacity 4278K, committed 4352K, reserved 1048576K
}
{Heap before GC invocations=36 (full 7):
 PSYoungGen      total 915968K, used 817255K [0x0000000780000000, 0x00000007c0000000, 0x00000007c0000000)
  eden space 827392K, 98% used [0x0000000780000000,0x00000007b1e19ec0,0x00000007b2800000)
  from space 88576K, 0% used [0x00000007ba980000,0x00000007ba980000,0x00000007c0000000)
  to   space 110592K, 0% used [0x00000007b2800000,0x00000007b2800000,0x00000007b9400000)
 ParOldGen       total 1985536K, used 1462613K [0x0000000700000000, 0x0000000779300000, 0x0000000780000000)
  object space 1985536K, 73% used [0x0000000700000000,0x0000000759455470,0x0000000779300000)
 Metaspace       used 28864K, capacity 30958K, committed 31232K, reserved 1077248K
  class space    used 3874K, capacity 4278K, committed 4352K, reserved 1048576K
2021-12-09T13:19:52.174-0900: 62.130: [GC (Allocation Failure) [PSYoungGen: 817255K->74283K(902144K)] 2279868K->1536896K(2887680K), 0.0112076 secs] [Times: user=0.08 sys=0.01, real=0.01 secs] 
Heap after GC invocations=36 (full 7):
 PSYoungGen      total 902144K, used 74283K [0x0000000780000000, 0x00000007c0000000, 0x00000007c0000000)
  eden space 827392K, 0% used [0x0000000780000000,0x0000000780000000,0x00000007b2800000)
  from space 74752K, 99% used [0x00000007b2800000,0x00000007b708ac30,0x00000007b7100000)
  to   space 114176K, 0% used [0x00000007b9080000,0x00000007b9080000,0x00000007c0000000)
 ParOldGen       total 1985536K, used 1462613K [0x0000000700000000, 0x0000000779300000, 0x0000000780000000)
  object space 1985536K, 73% used [0x0000000700000000,0x0000000759455470,0x0000000779300000)
 Metaspace       used 28864K, capacity 30958K, committed 31232K, reserved 1077248K
  class space    used 3874K, capacity 4278K, committed 4352K, reserved 1048576K
}
{Heap before GC invocations=37 (full 7):
 PSYoungGen      total 902144K, used 892358K [0x0000000780000000, 0x00000007c0000000, 0x00000007c0000000)
  eden space 827392K, 98% used [0x0000000780000000,0x00000007b1ee6c08,0x00000007b2800000)
  from space 74752K, 99% used [0x00000007b2800000,0x00000007b708ac30,0x00000007b7100000)
  to   space 114176K, 0% used [0x00000007b9080000,0x00000007b9080000,0x00000007c0000000)
 ParOldGen       total 1985536K, used 1462613K [0x0000000700000000, 0x0000000779300000, 0x0000000780000000)
  object space 1985536K, 73% used [0x0000000700000000,0x0000000759455470,0x0000000779300000)
 Metaspace       used 28868K, capacity 31022K, committed 31232K, reserved 1077248K
  class space    used 3875K, capacity 4278K, committed 4352K, reserved 1048576K
2021-12-09T13:19:54.240-0900: 64.197: [GC (Allocation Failure) [PSYoungGen: 892358K->113377K(899584K)] 2354971K->1611147K(2885120K), 0.0326888 secs] [Times: user=0.11 sys=0.06, real=0.03 secs] 
Heap after GC invocations=37 (full 7):
 PSYoungGen      total 899584K, used 113377K [0x0000000780000000, 0x00000007c0000000, 0x00000007c0000000)
  eden space 785408K, 0% used [0x0000000780000000,0x0000000780000000,0x00000007aff00000)
  from space 114176K, 99% used [0x00000007b9080000,0x00000007bff386d0,0x00000007c0000000)
  to   space 131584K, 0% used [0x00000007aff00000,0x00000007aff00000,0x00000007b7f80000)
 ParOldGen       total 1985536K, used 1497769K [0x0000000700000000, 0x0000000779300000, 0x0000000780000000)
  object space 1985536K, 75% used [0x0000000700000000,0x000000075b6aa600,0x0000000779300000)
 Metaspace       used 28868K, capacity 31022K, committed 31232K, reserved 1077248K
  class space    used 3875K, capacity 4278K, committed 4352K, reserved 1048576K
}
{Heap before GC invocations=38 (full 7):
 PSYoungGen      total 899584K, used 890676K [0x0000000780000000, 0x00000007c0000000, 0x00000007c0000000)
  eden space 785408K, 98% used [0x0000000780000000,0x00000007af714b50,0x00000007aff00000)
  from space 114176K, 99% used [0x00000007b9080000,0x00000007bff386d0,0x00000007c0000000)
  to   space 131584K, 0% used [0x00000007aff00000,0x00000007aff00000,0x00000007b7f80000)
 ParOldGen       total 1985536K, used 1497769K [0x0000000700000000, 0x0000000779300000, 0x0000000780000000)
  object space 1985536K, 75% used [0x0000000700000000,0x000000075b6aa600,0x0000000779300000)
 Metaspace       used 28868K, capacity 31022K, committed 31232K, reserved 1077248K
  class space    used 3875K, capacity 4278K, committed 4352K, reserved 1048576K
2021-12-09T13:19:56.228-0900: 66.185: [GC (Allocation Failure) [PSYoungGen: 890676K->129002K(914432K)] 2388446K->1681459K(2899968K), 0.0530876 secs] [Times: user=0.19 sys=0.07, real=0.06 secs] 
Heap after GC invocations=38 (full 7):
 PSYoungGen      total 914432K, used 129002K [0x0000000780000000, 0x00000007c0000000, 0x00000007c0000000)
  eden space 785408K, 0% used [0x0000000780000000,0x0000000780000000,0x00000007aff00000)
  from space 129024K, 99% used [0x00000007aff00000,0x00000007b7cfab10,0x00000007b7d00000)
  to   space 134144K, 0% used [0x00000007b7d00000,0x00000007b7d00000,0x00000007c0000000)
 ParOldGen       total 1985536K, used 1552457K [0x0000000700000000, 0x0000000779300000, 0x0000000780000000)
  object space 1985536K, 78% used [0x0000000700000000,0x000000075ec124e0,0x0000000779300000)
 Metaspace       used 28868K, capacity 31022K, committed 31232K, reserved 1077248K
  class space    used 3875K, capacity 4278K, committed 4352K, reserved 1048576K
}
{Heap before GC invocations=39 (full 7):
 PSYoungGen      total 914432K, used 906347K [0x0000000780000000, 0x00000007c0000000, 0x00000007c0000000)
  eden space 785408K, 98% used [0x0000000780000000,0x00000007af7202b8,0x00000007aff00000)
  from space 129024K, 99% used [0x00000007aff00000,0x00000007b7cfab10,0x00000007b7d00000)
  to   space 134144K, 0% used [0x00000007b7d00000,0x00000007b7d00000,0x00000007c0000000)
 ParOldGen       total 1985536K, used 1552457K [0x0000000700000000, 0x0000000779300000, 0x0000000780000000)
  object space 1985536K, 78% used [0x0000000700000000,0x000000075ec124e0,0x0000000779300000)
 Metaspace       used 28868K, capacity 31022K, committed 31232K, reserved 1077248K
  class space    used 3875K, capacity 4278K, committed 4352K, reserved 1048576K
2021-12-09T13:19:58.249-0900: 68.205: [GC (Allocation Failure) [PSYoungGen: 906347K->125096K(852992K)] 2458804K->1751772K(2838528K), 0.0478366 secs] [Times: user=0.13 sys=0.15, real=0.05 secs] 
Heap after GC invocations=39 (full 7):
 PSYoungGen      total 852992K, used 125096K [0x0000000780000000, 0x00000007c0000000, 0x00000007c0000000)
  eden space 718848K, 0% used [0x0000000780000000,0x0000000780000000,0x00000007abe00000)
  from space 134144K, 93% used [0x00000007b7d00000,0x00000007bf72a200,0x00000007c0000000)
  to   space 164864K, 0% used [0x00000007abe00000,0x00000007abe00000,0x00000007b5f00000)
 ParOldGen       total 1985536K, used 1626676K [0x0000000700000000, 0x0000000779300000, 0x0000000780000000)
  object space 1985536K, 81% used [0x0000000700000000,0x000000076348d110,0x0000000779300000)
 Metaspace       used 28868K, capacity 31022K, committed 31232K, reserved 1077248K
  class space    used 3875K, capacity 4278K, committed 4352K, reserved 1048576K
}
{Heap before GC invocations=40 (full 7):
 PSYoungGen      total 852992K, used 815181K [0x0000000780000000, 0x00000007c0000000, 0x00000007c0000000)
  eden space 718848K, 95% used [0x0000000780000000,0x00000007aa1e9460,0x00000007abe00000)
  from space 134144K, 93% used [0x00000007b7d00000,0x00000007bf72a200,0x00000007c0000000)
  to   space 164864K, 0% used [0x00000007abe00000,0x00000007abe00000,0x00000007b5f00000)
 ParOldGen       total 1985536K, used 1626676K [0x0000000700000000, 0x0000000779300000, 0x0000000780000000)
  object space 1985536K, 81% used [0x0000000700000000,0x000000076348d110,0x0000000779300000)
 Metaspace       used 28868K, capacity 31022K, committed 31232K, reserved 1077248K
  class space    used 3875K, capacity 4278K, committed 4352K, reserved 1048576K
2021-12-09T13:20:00.030-0900: 69.987: [GC (Allocation Failure) [PSYoungGen: 815181K->132909K(851968K)] 2441857K->1814305K(2837504K), 0.0507992 secs] [Times: user=0.21 sys=0.08, real=0.05 secs] 
Heap after GC invocations=40 (full 7):
 PSYoungGen      total 851968K, used 132909K [0x0000000780000000, 0x00000007c0000000, 0x00000007c0000000)
  eden space 718848K, 0% used [0x0000000780000000,0x0000000780000000,0x00000007abe00000)
  from space 133120K, 99% used [0x00000007abe00000,0x00000007b3fcb420,0x00000007b4000000)
  to   space 178688K, 0% used [0x00000007b5180000,0x00000007b5180000,0x00000007c0000000)
 ParOldGen       total 1985536K, used 1681395K [0x0000000700000000, 0x0000000779300000, 0x0000000780000000)
  object space 1985536K, 84% used [0x0000000700000000,0x00000007669fcff0,0x0000000779300000)
 Metaspace       used 28868K, capacity 31022K, committed 31232K, reserved 1077248K
  class space    used 3875K, capacity 4278K, committed 4352K, reserved 1048576K
}
{Heap before GC invocations=41 (full 7):
 PSYoungGen      total 851968K, used 823001K [0x0000000780000000, 0x00000007c0000000, 0x00000007c0000000)
  eden space 718848K, 95% used [0x0000000780000000,0x00000007aa1eb288,0x00000007abe00000)
  from space 133120K, 99% used [0x00000007abe00000,0x00000007b3fcb420,0x00000007b4000000)
  to   space 178688K, 0% used [0x00000007b5180000,0x00000007b5180000,0x00000007c0000000)
 ParOldGen       total 1985536K, used 1681395K [0x0000000700000000, 0x0000000779300000, 0x0000000780000000)
  object space 1985536K, 84% used [0x0000000700000000,0x00000007669fcff0,0x0000000779300000)
 Metaspace       used 28868K, capacity 31022K, committed 31232K, reserved 1077248K
  class space    used 3875K, capacity 4278K, committed 4352K, reserved 1048576K
2021-12-09T13:20:01.816-0900: 71.772: [GC (Allocation Failure) [PSYoungGen: 823001K->62564K(877568K)] 2504397K->1876773K(2863104K), 0.0807813 secs] [Times: user=0.12 sys=0.18, real=0.08 secs] 
Heap after GC invocations=41 (full 7):
 PSYoungGen      total 877568K, used 62564K [0x0000000780000000, 0x00000007c0000000, 0x00000007c0000000)
  eden space 698880K, 0% used [0x0000000780000000,0x0000000780000000,0x00000007aaa80000)
  from space 178688K, 35% used [0x00000007b5180000,0x00000007b8e99100,0x00000007c0000000)
  to   space 171008K, 0% used [0x00000007aaa80000,0x00000007aaa80000,0x00000007b5180000)
 ParOldGen       total 1985536K, used 1814209K [0x0000000700000000, 0x0000000779300000, 0x0000000780000000)
  object space 1985536K, 91% used [0x0000000700000000,0x000000076ebb0410,0x0000000779300000)
 Metaspace       used 28868K, capacity 31022K, committed 31232K, reserved 1077248K
  class space    used 3875K, capacity 4278K, committed 4352K, reserved 1048576K
}
{Heap before GC invocations=42 (full 7):
 PSYoungGen      total 877568K, used 754698K [0x0000000780000000, 0x00000007c0000000, 0x00000007c0000000)
  eden space 698880K, 99% used [0x0000000780000000,0x00000007aa3e9900,0x00000007aaa80000)
  from space 178688K, 35% used [0x00000007b5180000,0x00000007b8e99100,0x00000007c0000000)
  to   space 171008K, 0% used [0x00000007aaa80000,0x00000007aaa80000,0x00000007b5180000)
 ParOldGen       total 1985536K, used 1814209K [0x0000000700000000, 0x0000000779300000, 0x0000000780000000)
  object space 1985536K, 91% used [0x0000000700000000,0x000000076ebb0410,0x0000000779300000)
 Metaspace       used 28868K, capacity 31022K, committed 31232K, reserved 1077248K
  class space    used 3875K, capacity 4278K, committed 4352K, reserved 1048576K
2021-12-09T13:20:03.653-0900: 73.610: [GC (Allocation Failure) [PSYoungGen: 754698K->62564K(761856K)] 2568907K->1939281K(2747392K), 0.0584046 secs] [Times: user=0.08 sys=0.08, real=0.06 secs] 
Heap after GC invocations=42 (full 7):
 PSYoungGen      total 761856K, used 62564K [0x0000000780000000, 0x00000007be980000, 0x00000007c0000000)
  eden space 698880K, 0% used [0x0000000780000000,0x0000000780000000,0x00000007aaa80000)
  from space 62976K, 99% used [0x00000007aaa80000,0x00000007ae799100,0x00000007ae800000)
  to   space 163328K, 0% used [0x00000007b4a00000,0x00000007b4a00000,0x00000007be980000)
 ParOldGen       total 1985536K, used 1876717K [0x0000000700000000, 0x0000000779300000, 0x0000000780000000)
  object space 1985536K, 94% used [0x0000000700000000,0x00000007728bb510,0x0000000779300000)
 Metaspace       used 28868K, capacity 31022K, committed 31232K, reserved 1077248K
  class space    used 3875K, capacity 4278K, committed 4352K, reserved 1048576K
}
{Heap before GC invocations=43 (full 8):
 PSYoungGen      total 761856K, used 62564K [0x0000000780000000, 0x00000007be980000, 0x00000007c0000000)
  eden space 698880K, 0% used [0x0000000780000000,0x0000000780000000,0x00000007aaa80000)
  from space 62976K, 99% used [0x00000007aaa80000,0x00000007ae799100,0x00000007ae800000)
  to   space 163328K, 0% used [0x00000007b4a00000,0x00000007b4a00000,0x00000007be980000)
 ParOldGen       total 1985536K, used 1876717K [0x0000000700000000, 0x0000000779300000, 0x0000000780000000)
  object space 1985536K, 94% used [0x0000000700000000,0x00000007728bb510,0x0000000779300000)
 Metaspace       used 28868K, capacity 31022K, committed 31232K, reserved 1077248K
  class space    used 3875K, capacity 4278K, committed 4352K, reserved 1048576K
2021-12-09T13:20:03.712-0900: 73.668: [Full GC (Ergonomics) [PSYoungGen: 62564K->0K(761856K)] [ParOldGen: 1876717K->1939115K(2097152K)] 1939281K->1939115K(2859008K), [Metaspace: 28868K->28868K(1077248K)], 2.1304752 secs] [Times: user=9.11 sys=0.94, real=2.13 secs] 
Heap after GC invocations=43 (full 8):
 PSYoungGen      total 761856K, used 0K [0x0000000780000000, 0x00000007be980000, 0x00000007c0000000)
  eden space 698880K, 0% used [0x0000000780000000,0x0000000780000000,0x00000007aaa80000)
  from space 62976K, 0% used [0x00000007aaa80000,0x00000007aaa80000,0x00000007ae800000)
  to   space 163328K, 0% used [0x00000007b4a00000,0x00000007b4a00000,0x00000007be980000)
 ParOldGen       total 2097152K, used 1939115K [0x0000000700000000, 0x0000000780000000, 0x0000000780000000)
  object space 2097152K, 92% used [0x0000000700000000,0x00000007765aacb0,0x0000000780000000)
 Metaspace       used 28868K, capacity 31022K, committed 31232K, reserved 1077248K
  class space    used 3875K, capacity 4278K, committed 4352K, reserved 1048576K
}
{Heap before GC invocations=44 (full 8):
 PSYoungGen      total 761856K, used 689689K [0x0000000780000000, 0x00000007be980000, 0x00000007c0000000)
  eden space 698880K, 98% used [0x0000000780000000,0x00000007aa186490,0x00000007aaa80000)
  from space 62976K, 0% used [0x00000007aaa80000,0x00000007aaa80000,0x00000007ae800000)
  to   space 163328K, 0% used [0x00000007b4a00000,0x00000007b4a00000,0x00000007be980000)
 ParOldGen       total 2097152K, used 1939115K [0x0000000700000000, 0x0000000780000000, 0x0000000780000000)
  object space 2097152K, 92% used [0x0000000700000000,0x00000007765aacb0,0x0000000780000000)
 Metaspace       used 28868K, capacity 31022K, committed 31232K, reserved 1077248K
  class space    used 3875K, capacity 4278K, committed 4352K, reserved 1048576K
2021-12-09T13:20:07.579-0900: 77.536: [GC (Allocation Failure) [PSYoungGen: 689689K->62564K(869376K)] 2628804K->2001679K(2966528K), 0.0108375 secs] [Times: user=0.07 sys=0.00, real=0.02 secs] 
Heap after GC invocations=44 (full 8):
 PSYoungGen      total 869376K, used 62564K [0x0000000780000000, 0x00000007c0000000, 0x00000007c0000000)
  eden space 706048K, 0% used [0x0000000780000000,0x0000000780000000,0x00000007ab180000)
  from space 163328K, 38% used [0x00000007b4a00000,0x00000007b8719100,0x00000007be980000)
  to   space 156160K, 0% used [0x00000007ab180000,0x00000007ab180000,0x00000007b4a00000)
 ParOldGen       total 2097152K, used 1939115K [0x0000000700000000, 0x0000000780000000, 0x0000000780000000)
  object space 2097152K, 92% used [0x0000000700000000,0x00000007765aacb0,0x0000000780000000)
 Metaspace       used 28868K, capacity 31022K, committed 31232K, reserved 1077248K
  class space    used 3875K, capacity 4278K, committed 4352K, reserved 1048576K
}
{Heap before GC invocations=45 (full 8):
 PSYoungGen      total 869376K, used 757002K [0x0000000780000000, 0x00000007c0000000, 0x00000007c0000000)
  eden space 706048K, 98% used [0x0000000780000000,0x00000007aa629a98,0x00000007ab180000)
  from space 163328K, 38% used [0x00000007b4a00000,0x00000007b8719100,0x00000007be980000)
  to   space 156160K, 0% used [0x00000007ab180000,0x00000007ab180000,0x00000007b4a00000)
 ParOldGen       total 2097152K, used 1939115K [0x0000000700000000, 0x0000000780000000, 0x0000000780000000)
  object space 2097152K, 92% used [0x0000000700000000,0x00000007765aacb0,0x0000000780000000)
 Metaspace       used 28872K, capacity 31022K, committed 31232K, reserved 1077248K
  class space    used 3877K, capacity 4278K, committed 4352K, reserved 1048576K
2021-12-09T13:20:09.321-0900: 79.277: [GC (Allocation Failure) [PSYoungGen: 757002K->125096K(862208K)] 2696118K->2064211K(2959360K), 0.0178127 secs] [Times: user=0.12 sys=0.01, real=0.01 secs] 
Heap after GC invocations=45 (full 8):
 PSYoungGen      total 862208K, used 125096K [0x0000000780000000, 0x00000007c0000000, 0x00000007c0000000)
  eden space 706048K, 0% used [0x0000000780000000,0x0000000780000000,0x00000007ab180000)
  from space 156160K, 80% used [0x00000007ab180000,0x00000007b2baa200,0x00000007b4a00000)
  to   space 167424K, 0% used [0x00000007b5c80000,0x00000007b5c80000,0x00000007c0000000)
 ParOldGen       total 2097152K, used 1939115K [0x0000000700000000, 0x0000000780000000, 0x0000000780000000)
  object space 2097152K, 92% used [0x0000000700000000,0x00000007765aacb0,0x0000000780000000)
 Metaspace       used 28872K, capacity 31022K, committed 31232K, reserved 1077248K
  class space    used 3877K, capacity 4278K, committed 4352K, reserved 1048576K
}
{Heap before GC invocations=46 (full 8):
 PSYoungGen      total 862208K, used 814838K [0x0000000780000000, 0x00000007c0000000, 0x00000007c0000000)
  eden space 706048K, 97% used [0x0000000780000000,0x00000007aa193658,0x00000007ab180000)
  from space 156160K, 80% used [0x00000007ab180000,0x00000007b2baa200,0x00000007b4a00000)
  to   space 167424K, 0% used [0x00000007b5c80000,0x00000007b5c80000,0x00000007c0000000)
 ParOldGen       total 2097152K, used 1939115K [0x0000000700000000, 0x0000000780000000, 0x0000000780000000)
  object space 2097152K, 92% used [0x0000000700000000,0x00000007765aacb0,0x0000000780000000)
 Metaspace       used 28872K, capacity 31022K, committed 31232K, reserved 1077248K
  class space    used 3877K, capacity 4278K, committed 4352K, reserved 1048576K
2021-12-09T13:20:11.068-0900: 81.024: [GC (Allocation Failure) [PSYoungGen: 814838K->164159K(835072K)] 2753953K->2126711K(2932224K), 0.0608037 secs] [Times: user=0.18 sys=0.06, real=0.06 secs] 
Heap after GC invocations=46 (full 8):
 PSYoungGen      total 835072K, used 164159K [0x0000000780000000, 0x00000007c0000000, 0x00000007c0000000)
  eden space 667648K, 0% used [0x0000000780000000,0x0000000780000000,0x00000007a8c00000)
  from space 167424K, 98% used [0x00000007b5c80000,0x00000007bfccfca0,0x00000007c0000000)
  to   space 190464K, 0% used [0x00000007a8c00000,0x00000007a8c00000,0x00000007b4600000)
 ParOldGen       total 2097152K, used 1962552K [0x0000000700000000, 0x0000000780000000, 0x0000000780000000)
  object space 2097152K, 93% used [0x0000000700000000,0x0000000777c8e310,0x0000000780000000)
 Metaspace       used 28872K, capacity 31022K, committed 31232K, reserved 1077248K
  class space    used 3877K, capacity 4278K, committed 4352K, reserved 1048576K
}
{Heap before GC invocations=47 (full 8):
 PSYoungGen      total 835072K, used 810531K [0x0000000780000000, 0x00000007c0000000, 0x00000007c0000000)
  eden space 667648K, 96% used [0x0000000780000000,0x00000007a7739018,0x00000007a8c00000)
  from space 167424K, 98% used [0x00000007b5c80000,0x00000007bfccfca0,0x00000007c0000000)
  to   space 190464K, 0% used [0x00000007a8c00000,0x00000007a8c00000,0x00000007b4600000)
 ParOldGen       total 2097152K, used 1962552K [0x0000000700000000, 0x0000000780000000, 0x0000000780000000)
  object space 2097152K, 93% used [0x0000000700000000,0x0000000777c8e310,0x0000000780000000)
 Metaspace       used 28872K, capacity 31022K, committed 31232K, reserved 1077248K
  class space    used 3877K, capacity 4278K, committed 4352K, reserved 1048576K
2021-12-09T13:20:12.759-0900: 82.715: [GC (Allocation Failure) [PSYoungGen: 810531K->187596K(855552K)] 2773083K->2204837K(2952704K), 0.0533996 secs] [Times: user=0.21 sys=0.07, real=0.06 secs] 
Heap after GC invocations=47 (full 8):
 PSYoungGen      total 855552K, used 187596K [0x0000000780000000, 0x00000007c0000000, 0x00000007c0000000)
  eden space 667648K, 0% used [0x0000000780000000,0x0000000780000000,0x00000007a8c00000)
  from space 187904K, 99% used [0x00000007a8c00000,0x00000007b4333300,0x00000007b4380000)
  to   space 193024K, 0% used [0x00000007b4380000,0x00000007b4380000,0x00000007c0000000)
 ParOldGen       total 2097152K, used 2017240K [0x0000000700000000, 0x0000000780000000, 0x0000000780000000)
  object space 2097152K, 96% used [0x0000000700000000,0x000000077b1f61f0,0x0000000780000000)
 Metaspace       used 28872K, capacity 31022K, committed 31232K, reserved 1077248K
  class space    used 3877K, capacity 4278K, committed 4352K, reserved 1048576K
}
{Heap before GC invocations=48 (full 9):
 PSYoungGen      total 855552K, used 187596K [0x0000000780000000, 0x00000007c0000000, 0x00000007c0000000)
  eden space 667648K, 0% used [0x0000000780000000,0x0000000780000000,0x00000007a8c00000)
  from space 187904K, 99% used [0x00000007a8c00000,0x00000007b4333300,0x00000007b4380000)
  to   space 193024K, 0% used [0x00000007b4380000,0x00000007b4380000,0x00000007c0000000)
 ParOldGen       total 2097152K, used 2017240K [0x0000000700000000, 0x0000000780000000, 0x0000000780000000)
  object space 2097152K, 96% used [0x0000000700000000,0x000000077b1f61f0,0x0000000780000000)
 Metaspace       used 28872K, capacity 31022K, committed 31232K, reserved 1077248K
  class space    used 3877K, capacity 4278K, committed 4352K, reserved 1048576K
2021-12-09T13:20:12.812-0900: 82.769: [Full GC (Ergonomics) [PSYoungGen: 187596K->89844K(855552K)] [ParOldGen: 2017240K->2095368K(2097152K)] 2204837K->2185212K(2952704K), [Metaspace: 28872K->28872K(1077248K)], 0.4657047 secs] [Times: user=1.13 sys=0.18, real=0.46 secs] 
Heap after GC invocations=48 (full 9):
 PSYoungGen      total 855552K, used 89844K [0x0000000780000000, 0x00000007c0000000, 0x00000007c0000000)
  eden space 667648K, 0% used [0x0000000780000000,0x0000000780000000,0x00000007a8c00000)
  from space 187904K, 47% used [0x00000007a8c00000,0x00000007ae3bd070,0x00000007b4380000)
  to   space 193024K, 0% used [0x00000007b4380000,0x00000007b4380000,0x00000007c0000000)
 ParOldGen       total 2097152K, used 2095368K [0x0000000700000000, 0x0000000780000000, 0x0000000780000000)
  object space 2097152K, 99% used [0x0000000700000000,0x000000077fe42188,0x0000000780000000)
 Metaspace       used 28872K, capacity 31022K, committed 31232K, reserved 1077248K
  class space    used 3877K, capacity 4278K, committed 4352K, reserved 1048576K
}
{Heap before GC invocations=49 (full 10):
 PSYoungGen      total 855552K, used 735923K [0x0000000780000000, 0x00000007c0000000, 0x00000007c0000000)
  eden space 667648K, 96% used [0x0000000780000000,0x00000007a76eff88,0x00000007a8c00000)
  from space 187904K, 47% used [0x00000007a8c00000,0x00000007ae3bd070,0x00000007b4380000)
  to   space 193024K, 0% used [0x00000007b4380000,0x00000007b4380000,0x00000007c0000000)
 ParOldGen       total 2097152K, used 2095368K [0x0000000700000000, 0x0000000780000000, 0x0000000780000000)
  object space 2097152K, 99% used [0x0000000700000000,0x000000077fe42188,0x0000000780000000)
 Metaspace       used 28872K, capacity 31022K, committed 31232K, reserved 1077248K
  class space    used 3877K, capacity 4278K, committed 4352K, reserved 1048576K
2021-12-09T13:20:14.895-0900: 84.851: [Full GC (Ergonomics) [PSYoungGen: 735923K->148438K(855552K)] [ParOldGen: 2095368K->2095368K(2097152K)] 2831292K->2243806K(2952704K), [Metaspace: 28872K->28872K(1077248K)], 0.0891535 secs] [Times: user=0.35 sys=0.02, real=0.09 secs] 
Heap after GC invocations=49 (full 10):
 PSYoungGen      total 855552K, used 148438K [0x0000000780000000, 0x00000007c0000000, 0x00000007c0000000)
  eden space 667648K, 22% used [0x0000000780000000,0x00000007890f58c0,0x00000007a8c00000)
  from space 187904K, 0% used [0x00000007a8c00000,0x00000007a8c00000,0x00000007b4380000)
  to   space 193024K, 0% used [0x00000007b4380000,0x00000007b4380000,0x00000007c0000000)
 ParOldGen       total 2097152K, used 2095368K [0x0000000700000000, 0x0000000780000000, 0x0000000780000000)
  object space 2097152K, 99% used [0x0000000700000000,0x000000077fe42128,0x0000000780000000)
 Metaspace       used 28872K, capacity 31022K, committed 31232K, reserved 1077248K
  class space    used 3877K, capacity 4278K, committed 4352K, reserved 1048576K
}
{Heap before GC invocations=50 (full 11):
 PSYoungGen      total 855552K, used 665518K [0x0000000780000000, 0x00000007c0000000, 0x00000007c0000000)
  eden space 667648K, 99% used [0x0000000780000000,0x00000007a89eb888,0x00000007a8c00000)
  from space 187904K, 0% used [0x00000007a8c00000,0x00000007a8c00000,0x00000007b4380000)
  to   space 193024K, 0% used [0x00000007b4380000,0x00000007b4380000,0x00000007c0000000)
 ParOldGen       total 2097152K, used 2095368K [0x0000000700000000, 0x0000000780000000, 0x0000000780000000)
  object space 2097152K, 99% used [0x0000000700000000,0x000000077fe42128,0x0000000780000000)
 Metaspace       used 28872K, capacity 31022K, committed 31232K, reserved 1077248K
  class space    used 3877K, capacity 4278K, committed 4352K, reserved 1048576K
2021-12-09T13:20:16.279-0900: 86.236: [Full GC (Ergonomics) [PSYoungGen: 665518K->195313K(855552K)] [ParOldGen: 2095368K->2095368K(2097152K)] 2760886K->2290681K(2952704K), [Metaspace: 28872K->28872K(1077248K)], 0.0585793 secs] [Times: user=0.19 sys=0.01, real=0.06 secs] 
Heap after GC invocations=50 (full 11):
 PSYoungGen      total 855552K, used 195313K [0x0000000780000000, 0x00000007c0000000, 0x00000007c0000000)
  eden space 667648K, 29% used [0x0000000780000000,0x000000078bebc580,0x00000007a8c00000)
  from space 187904K, 0% used [0x00000007a8c00000,0x00000007a8c00000,0x00000007b4380000)
  to   space 193024K, 0% used [0x00000007b4380000,0x00000007b4380000,0x00000007c0000000)
 ParOldGen       total 2097152K, used 2095368K [0x0000000700000000, 0x0000000780000000, 0x0000000780000000)
  object space 2097152K, 99% used [0x0000000700000000,0x000000077fe42128,0x0000000780000000)
 Metaspace       used 28872K, capacity 31022K, committed 31232K, reserved 1077248K
  class space    used 3877K, capacity 4278K, committed 4352K, reserved 1048576K
}
{Heap before GC invocations=51 (full 12):
 PSYoungGen      total 855552K, used 664529K [0x0000000780000000, 0x00000007c0000000, 0x00000007c0000000)
  eden space 667648K, 99% used [0x0000000780000000,0x00000007a88f4510,0x00000007a8c00000)
  from space 187904K, 0% used [0x00000007a8c00000,0x00000007a8c00000,0x00000007b4380000)
  to   space 193024K, 0% used [0x00000007b4380000,0x00000007b4380000,0x00000007c0000000)
 ParOldGen       total 2097152K, used 2095368K [0x0000000700000000, 0x0000000780000000, 0x0000000780000000)
  object space 2097152K, 99% used [0x0000000700000000,0x000000077fe42128,0x0000000780000000)
 Metaspace       used 28872K, capacity 31022K, committed 31232K, reserved 1077248K
  class space    used 3877K, capacity 4278K, committed 4352K, reserved 1048576K
2021-12-09T13:20:17.431-0900: 87.387: [Full GC (Ergonomics) [PSYoungGen: 664529K->273438K(855552K)] [ParOldGen: 2095368K->2095368K(2097152K)] 2759897K->2368806K(2952704K), [Metaspace: 28872K->28872K(1077248K)], 0.0648338 secs] [Times: user=0.28 sys=0.01, real=0.06 secs] 
Heap after GC invocations=51 (full 12):
 PSYoungGen      total 855552K, used 273438K [0x0000000780000000, 0x00000007c0000000, 0x00000007c0000000)
  eden space 667648K, 40% used [0x0000000780000000,0x0000000790b07a30,0x00000007a8c00000)
  from space 187904K, 0% used [0x00000007a8c00000,0x00000007a8c00000,0x00000007b4380000)
  to   space 193024K, 0% used [0x00000007b4380000,0x00000007b4380000,0x00000007c0000000)
 ParOldGen       total 2097152K, used 2095368K [0x0000000700000000, 0x0000000780000000, 0x0000000780000000)
  object space 2097152K, 99% used [0x0000000700000000,0x000000077fe42128,0x0000000780000000)
 Metaspace       used 28872K, capacity 31022K, committed 31232K, reserved 1077248K
  class space    used 3877K, capacity 4278K, committed 4352K, reserved 1048576K
}
{Heap before GC invocations=52 (full 13):
 PSYoungGen      total 855552K, used 667468K [0x0000000780000000, 0x00000007c0000000, 0x00000007c0000000)
  eden space 667648K, 99% used [0x0000000780000000,0x00000007a8bd3250,0x00000007a8c00000)
  from space 187904K, 0% used [0x00000007a8c00000,0x00000007a8c00000,0x00000007b4380000)
  to   space 193024K, 0% used [0x00000007b4380000,0x00000007b4380000,0x00000007c0000000)
 ParOldGen       total 2097152K, used 2095368K [0x0000000700000000, 0x0000000780000000, 0x0000000780000000)
  object space 2097152K, 99% used [0x0000000700000000,0x000000077fe42128,0x0000000780000000)
 Metaspace       used 28872K, capacity 31022K, committed 31232K, reserved 1077248K
  class space    used 3877K, capacity 4278K, committed 4352K, reserved 1048576K
2021-12-09T13:20:18.572-0900: 88.529: [Full GC (Ergonomics) [PSYoungGen: 667468K->273438K(855552K)] [ParOldGen: 2095368K->2095368K(2097152K)] 2762836K->2368806K(2952704K), [Metaspace: 28872K->28872K(1077248K)], 0.0515511 secs] [Times: user=0.18 sys=0.00, real=0.05 secs] 
Heap after GC invocations=52 (full 13):
 PSYoungGen      total 855552K, used 273438K [0x0000000780000000, 0x00000007c0000000, 0x00000007c0000000)
  eden space 667648K, 40% used [0x0000000780000000,0x0000000790b07ac0,0x00000007a8c00000)
  from space 187904K, 0% used [0x00000007a8c00000,0x00000007a8c00000,0x00000007b4380000)
  to   space 193024K, 0% used [0x00000007b4380000,0x00000007b4380000,0x00000007c0000000)
 ParOldGen       total 2097152K, used 2095368K [0x0000000700000000, 0x0000000780000000, 0x0000000780000000)
  object space 2097152K, 99% used [0x0000000700000000,0x000000077fe42128,0x0000000780000000)
 Metaspace       used 28872K, capacity 31022K, committed 31232K, reserved 1077248K
  class space    used 3877K, capacity 4278K, committed 4352K, reserved 1048576K
}
{Heap before GC invocations=53 (full 14):
 PSYoungGen      total 855552K, used 662153K [0x0000000780000000, 0x00000007c0000000, 0x00000007c0000000)
  eden space 667648K, 99% used [0x0000000780000000,0x00000007a86a25c0,0x00000007a8c00000)
  from space 187904K, 0% used [0x00000007a8c00000,0x00000007a8c00000,0x00000007b4380000)
  to   space 193024K, 0% used [0x00000007b4380000,0x00000007b4380000,0x00000007c0000000)
 ParOldGen       total 2097152K, used 2095368K [0x0000000700000000, 0x0000000780000000, 0x0000000780000000)
  object space 2097152K, 99% used [0x0000000700000000,0x000000077fe42128,0x0000000780000000)
 Metaspace       used 28872K, capacity 31022K, committed 31232K, reserved 1077248K
  class space    used 3877K, capacity 4278K, committed 4352K, reserved 1048576K
2021-12-09T13:20:19.599-0900: 89.556: [Full GC (Ergonomics) [PSYoungGen: 662153K->308595K(855552K)] [ParOldGen: 2095368K->2095368K(2097152K)] 2757521K->2403963K(2952704K), [Metaspace: 28872K->28872K(1077248K)], 0.0584297 secs] [Times: user=0.17 sys=0.00, real=0.06 secs] 
Heap after GC invocations=53 (full 14):
 PSYoungGen      total 855552K, used 308595K [0x0000000780000000, 0x00000007c0000000, 0x00000007c0000000)
  eden space 667648K, 46% used [0x0000000780000000,0x0000000792d5cc50,0x00000007a8c00000)
  from space 187904K, 0% used [0x00000007a8c00000,0x00000007a8c00000,0x00000007b4380000)
  to   space 193024K, 0% used [0x00000007b4380000,0x00000007b4380000,0x00000007c0000000)
 ParOldGen       total 2097152K, used 2095368K [0x0000000700000000, 0x0000000780000000, 0x0000000780000000)
  object space 2097152K, 99% used [0x0000000700000000,0x000000077fe42128,0x0000000780000000)
 Metaspace       used 28872K, capacity 31022K, committed 31232K, reserved 1077248K
  class space    used 3877K, capacity 4278K, committed 4352K, reserved 1048576K
}
{Heap before GC invocations=54 (full 15):
 PSYoungGen      total 855552K, used 654094K [0x0000000780000000, 0x00000007c0000000, 0x00000007c0000000)
  eden space 667648K, 97% used [0x0000000780000000,0x00000007a7ec38b8,0x00000007a8c00000)
  from space 187904K, 0% used [0x00000007a8c00000,0x00000007a8c00000,0x00000007b4380000)
  to   space 193024K, 0% used [0x00000007b4380000,0x00000007b4380000,0x00000007c0000000)
 ParOldGen       total 2097152K, used 2095368K [0x0000000700000000, 0x0000000780000000, 0x0000000780000000)
  object space 2097152K, 99% used [0x0000000700000000,0x000000077fe42128,0x0000000780000000)
 Metaspace       used 28872K, capacity 31022K, committed 31232K, reserved 1077248K
  class space    used 3877K, capacity 4278K, committed 4352K, reserved 1048576K
2021-12-09T13:20:20.527-0900: 90.484: [Full GC (Ergonomics) [PSYoungGen: 654094K->339845K(855552K)] [ParOldGen: 2095368K->2095368K(2097152K)] 2749462K->2435213K(2952704K), [Metaspace: 28872K->28872K(1077248K)], 0.0485197 secs] [Times: user=0.17 sys=0.00, real=0.05 secs] 
Heap after GC invocations=54 (full 15):
 PSYoungGen      total 855552K, used 339845K [0x0000000780000000, 0x00000007c0000000, 0x00000007c0000000)
  eden space 667648K, 50% used [0x0000000780000000,0x0000000794be14d0,0x00000007a8c00000)
  from space 187904K, 0% used [0x00000007a8c00000,0x00000007a8c00000,0x00000007b4380000)
  to   space 193024K, 0% used [0x00000007b4380000,0x00000007b4380000,0x00000007c0000000)
 ParOldGen       total 2097152K, used 2095368K [0x0000000700000000, 0x0000000780000000, 0x0000000780000000)
  object space 2097152K, 99% used [0x0000000700000000,0x000000077fe42128,0x0000000780000000)
 Metaspace       used 28872K, capacity 31022K, committed 31232K, reserved 1077248K
  class space    used 3877K, capacity 4278K, committed 4352K, reserved 1048576K
}
{Heap before GC invocations=55 (full 16):
 PSYoungGen      total 855552K, used 642568K [0x0000000780000000, 0x00000007c0000000, 0x00000007c0000000)
  eden space 667648K, 96% used [0x0000000780000000,0x00000007a7382338,0x00000007a8c00000)
  from space 187904K, 0% used [0x00000007a8c00000,0x00000007a8c00000,0x00000007b4380000)
  to   space 193024K, 0% used [0x00000007b4380000,0x00000007b4380000,0x00000007c0000000)
 ParOldGen       total 2097152K, used 2095368K [0x0000000700000000, 0x0000000780000000, 0x0000000780000000)
  object space 2097152K, 99% used [0x0000000700000000,0x000000077fe42128,0x0000000780000000)
 Metaspace       used 28872K, capacity 31022K, committed 31232K, reserved 1077248K
  class space    used 3877K, capacity 4278K, committed 4352K, reserved 1048576K
2021-12-09T13:20:21.335-0900: 91.291: [Full GC (Ergonomics) [PSYoungGen: 642568K->367189K(855552K)] [ParOldGen: 2095368K->2095365K(2097152K)] 2737937K->2462554K(2952704K), [Metaspace: 28872K->28872K(1077248K)], 0.3498681 secs] [Times: user=2.36 sys=0.05, real=0.35 secs] 
Heap after GC invocations=55 (full 16):
 PSYoungGen      total 855552K, used 367189K [0x0000000780000000, 0x00000007c0000000, 0x00000007c0000000)
  eden space 667648K, 54% used [0x0000000780000000,0x0000000796695460,0x00000007a8c00000)
  from space 187904K, 0% used [0x00000007a8c00000,0x00000007a8c00000,0x00000007b4380000)
  to   space 193024K, 0% used [0x00000007b4380000,0x00000007b4380000,0x00000007c0000000)
 ParOldGen       total 2097152K, used 2095365K [0x0000000700000000, 0x0000000780000000, 0x0000000780000000)
  object space 2097152K, 99% used [0x0000000700000000,0x000000077fe414c8,0x0000000780000000)
 Metaspace       used 28872K, capacity 31022K, committed 31232K, reserved 1077248K
  class space    used 3877K, capacity 4278K, committed 4352K, reserved 1048576K
}
{Heap before GC invocations=56 (full 17):
 PSYoungGen      total 855552K, used 628920K [0x0000000780000000, 0x00000007c0000000, 0x00000007c0000000)
  eden space 667648K, 94% used [0x0000000780000000,0x00000007a662e208,0x00000007a8c00000)
  from space 187904K, 0% used [0x00000007a8c00000,0x00000007a8c00000,0x00000007b4380000)
  to   space 193024K, 0% used [0x00000007b4380000,0x00000007b4380000,0x00000007c0000000)
 ParOldGen       total 2097152K, used 2095365K [0x0000000700000000, 0x0000000780000000, 0x0000000780000000)
  object space 2097152K, 99% used [0x0000000700000000,0x000000077fe414c8,0x0000000780000000)
 Metaspace       used 28872K, capacity 31022K, committed 31232K, reserved 1077248K
  class space    used 3877K, capacity 4278K, committed 4352K, reserved 1048576K
2021-12-09T13:20:22.333-0900: 92.290: [Full GC (Ergonomics) [PSYoungGen: 628920K->390626K(855552K)] [ParOldGen: 2095365K->2095363K(2097152K)] 2724285K->2485990K(2952704K), [Metaspace: 28872K->28872K(1077248K)], 0.3538453 secs] [Times: user=2.33 sys=0.05, real=0.35 secs] 
Heap after GC invocations=56 (full 17):
 PSYoungGen      total 855552K, used 390626K [0x0000000780000000, 0x00000007c0000000, 0x00000007c0000000)
  eden space 667648K, 58% used [0x0000000780000000,0x0000000797d78ac0,0x00000007a8c00000)
  from space 187904K, 0% used [0x00000007a8c00000,0x00000007a8c00000,0x00000007b4380000)
  to   space 193024K, 0% used [0x00000007b4380000,0x00000007b4380000,0x00000007c0000000)
 ParOldGen       total 2097152K, used 2095363K [0x0000000700000000, 0x0000000780000000, 0x0000000780000000)
  object space 2097152K, 99% used [0x0000000700000000,0x000000077fe40e50,0x0000000780000000)
 Metaspace       used 28872K, capacity 31022K, committed 31232K, reserved 1077248K
  class space    used 3877K, capacity 4278K, committed 4352K, reserved 1048576K
}
{Heap before GC invocations=57 (full 18):
 PSYoungGen      total 855552K, used 651564K [0x0000000780000000, 0x00000007c0000000, 0x00000007c0000000)
  eden space 667648K, 97% used [0x0000000780000000,0x00000007a7c4b3a8,0x00000007a8c00000)
  from space 187904K, 0% used [0x00000007a8c00000,0x00000007a8c00000,0x00000007b4380000)
  to   space 193024K, 0% used [0x00000007b4380000,0x00000007b4380000,0x00000007c0000000)
 ParOldGen       total 2097152K, used 2095363K [0x0000000700000000, 0x0000000780000000, 0x0000000780000000)
  object space 2097152K, 99% used [0x0000000700000000,0x000000077fe40e50,0x0000000780000000)
 Metaspace       used 28872K, capacity 31022K, committed 31232K, reserved 1077248K
  class space    used 3877K, capacity 4278K, committed 4352K, reserved 1048576K
2021-12-09T13:20:23.335-0900: 93.292: [Full GC (Ergonomics) [PSYoungGen: 651564K->414064K(855552K)] [ParOldGen: 2095363K->2095363K(2097152K)] 2746928K->2509427K(2952704K), [Metaspace: 28872K->28872K(1077248K)], 0.0429131 secs] [Times: user=0.16 sys=0.01, real=0.04 secs] 
Heap after GC invocations=57 (full 18):
 PSYoungGen      total 855552K, used 414064K [0x0000000780000000, 0x00000007c0000000, 0x00000007c0000000)
  eden space 667648K, 62% used [0x0000000780000000,0x000000079945c120,0x00000007a8c00000)
  from space 187904K, 0% used [0x00000007a8c00000,0x00000007a8c00000,0x00000007b4380000)
  to   space 193024K, 0% used [0x00000007b4380000,0x00000007b4380000,0x00000007c0000000)
 ParOldGen       total 2097152K, used 2095363K [0x0000000700000000, 0x0000000780000000, 0x0000000780000000)
  object space 2097152K, 99% used [0x0000000700000000,0x000000077fe40e50,0x0000000780000000)
 Metaspace       used 28872K, capacity 31022K, committed 31232K, reserved 1077248K
  class space    used 3877K, capacity 4278K, committed 4352K, reserved 1048576K
}
{Heap before GC invocations=58 (full 19):
 PSYoungGen      total 855552K, used 631422K [0x0000000780000000, 0x00000007c0000000, 0x00000007c0000000)
  eden space 667648K, 94% used [0x0000000780000000,0x00000007a689fa38,0x00000007a8c00000)
  from space 187904K, 0% used [0x00000007a8c00000,0x00000007a8c00000,0x00000007b4380000)
  to   space 193024K, 0% used [0x00000007b4380000,0x00000007b4380000,0x00000007c0000000)
 ParOldGen       total 2097152K, used 2095363K [0x0000000700000000, 0x0000000780000000, 0x0000000780000000)
  object space 2097152K, 99% used [0x0000000700000000,0x000000077fe40e50,0x0000000780000000)
 Metaspace       used 28872K, capacity 31022K, committed 31232K, reserved 1077248K
  class space    used 3877K, capacity 4278K, committed 4352K, reserved 1048576K
2021-12-09T13:20:23.916-0900: 93.873: [Full GC (Ergonomics) [PSYoungGen: 631422K->433595K(855552K)] [ParOldGen: 2095363K->2095363K(2097152K)] 2726786K->2528959K(2952704K), [Metaspace: 28872K->28872K(1077248K)], 0.0465458 secs] [Times: user=0.15 sys=0.00, real=0.05 secs] 
Heap after GC invocations=58 (full 19):
 PSYoungGen      total 855552K, used 433595K [0x0000000780000000, 0x00000007c0000000, 0x00000007c0000000)
  eden space 667648K, 64% used [0x0000000780000000,0x000000079a76ee70,0x00000007a8c00000)
  from space 187904K, 0% used [0x00000007a8c00000,0x00000007a8c00000,0x00000007b4380000)
  to   space 193024K, 0% used [0x00000007b4380000,0x00000007b4380000,0x00000007c0000000)
 ParOldGen       total 2097152K, used 2095363K [0x0000000700000000, 0x0000000780000000, 0x0000000780000000)
  object space 2097152K, 99% used [0x0000000700000000,0x000000077fe40e50,0x0000000780000000)
 Metaspace       used 28872K, capacity 31022K, committed 31232K, reserved 1077248K
  class space    used 3877K, capacity 4278K, committed 4352K, reserved 1048576K
}
{Heap before GC invocations=59 (full 20):
 PSYoungGen      total 855552K, used 650271K [0x0000000780000000, 0x00000007c0000000, 0x00000007c0000000)
  eden space 667648K, 97% used [0x0000000780000000,0x00000007a7b07da0,0x00000007a8c00000)
  from space 187904K, 0% used [0x00000007a8c00000,0x00000007a8c00000,0x00000007b4380000)
  to   space 193024K, 0% used [0x00000007b4380000,0x00000007b4380000,0x00000007c0000000)
 ParOldGen       total 2097152K, used 2095363K [0x0000000700000000, 0x0000000780000000, 0x0000000780000000)
  object space 2097152K, 99% used [0x0000000700000000,0x000000077fe40e50,0x0000000780000000)
 Metaspace       used 28872K, capacity 31022K, committed 31232K, reserved 1077248K
  class space    used 3877K, capacity 4278K, committed 4352K, reserved 1048576K
2021-12-09T13:20:24.508-0900: 94.465: [Full GC (Ergonomics) [PSYoungGen: 650271K->453126K(855552K)] [ParOldGen: 2095363K->2095363K(2097152K)] 2745634K->2548490K(2952704K), [Metaspace: 28872K->28872K(1077248K)], 0.0389631 secs] [Times: user=0.14 sys=0.01, real=0.04 secs] 
Heap after GC invocations=59 (full 20):
 PSYoungGen      total 855552K, used 453126K [0x0000000780000000, 0x00000007c0000000, 0x00000007c0000000)
  eden space 667648K, 67% used [0x0000000780000000,0x000000079ba81bc0,0x00000007a8c00000)
  from space 187904K, 0% used [0x00000007a8c00000,0x00000007a8c00000,0x00000007b4380000)
  to   space 193024K, 0% used [0x00000007b4380000,0x00000007b4380000,0x00000007c0000000)
 ParOldGen       total 2097152K, used 2095363K [0x0000000700000000, 0x0000000780000000, 0x0000000780000000)
  object space 2097152K, 99% used [0x0000000700000000,0x000000077fe40e50,0x0000000780000000)
 Metaspace       used 28872K, capacity 31022K, committed 31232K, reserved 1077248K
  class space    used 3877K, capacity 4278K, committed 4352K, reserved 1048576K
}
{Heap before GC invocations=60 (full 21):
 PSYoungGen      total 855552K, used 665458K [0x0000000780000000, 0x00000007c0000000, 0x00000007c0000000)
  eden space 667648K, 99% used [0x0000000780000000,0x00000007a89dc988,0x00000007a8c00000)
  from space 187904K, 0% used [0x00000007a8c00000,0x00000007a8c00000,0x00000007b4380000)
  to   space 193024K, 0% used [0x00000007b4380000,0x00000007b4380000,0x00000007c0000000)
 ParOldGen       total 2097152K, used 2095363K [0x0000000700000000, 0x0000000780000000, 0x0000000780000000)
  object space 2097152K, 99% used [0x0000000700000000,0x000000077fe40e50,0x0000000780000000)
 Metaspace       used 28872K, capacity 31022K, committed 31232K, reserved 1077248K
  class space    used 3877K, capacity 4278K, committed 4352K, reserved 1048576K
2021-12-09T13:20:24.992-0900: 94.949: [Full GC (Ergonomics) [PSYoungGen: 665458K->507814K(855552K)] [ParOldGen: 2095363K->2095363K(2097152K)] 2760821K->2603178K(2952704K), [Metaspace: 28872K->28872K(1077248K)], 0.0459399 secs] [Times: user=0.19 sys=0.00, real=0.04 secs] 
Heap after GC invocations=60 (full 21):
 PSYoungGen      total 855552K, used 507814K [0x0000000780000000, 0x00000007c0000000, 0x00000007c0000000)
  eden space 667648K, 76% used [0x0000000780000000,0x000000079efe9a10,0x00000007a8c00000)
  from space 187904K, 0% used [0x00000007a8c00000,0x00000007a8c00000,0x00000007b4380000)
  to   space 193024K, 0% used [0x00000007b4380000,0x00000007b4380000,0x00000007c0000000)
 ParOldGen       total 2097152K, used 2095363K [0x0000000700000000, 0x0000000780000000, 0x0000000780000000)
  object space 2097152K, 99% used [0x0000000700000000,0x000000077fe40e50,0x0000000780000000)
 Metaspace       used 28872K, capacity 31022K, committed 31232K, reserved 1077248K
  class space    used 3877K, capacity 4278K, committed 4352K, reserved 1048576K
}
{Heap before GC invocations=61 (full 22):
 PSYoungGen      total 855552K, used 641630K [0x0000000780000000, 0x00000007c0000000, 0x00000007c0000000)
  eden space 667648K, 96% used [0x0000000780000000,0x00000007a7297940,0x00000007a8c00000)
  from space 187904K, 0% used [0x00000007a8c00000,0x00000007a8c00000,0x00000007b4380000)
  to   space 193024K, 0% used [0x00000007b4380000,0x00000007b4380000,0x00000007c0000000)
 ParOldGen       total 2097152K, used 2095363K [0x0000000700000000, 0x0000000780000000, 0x0000000780000000)
  object space 2097152K, 99% used [0x0000000700000000,0x000000077fe40e50,0x0000000780000000)
 Metaspace       used 28872K, capacity 31022K, committed 31232K, reserved 1077248K
  class space    used 3877K, capacity 4278K, committed 4352K, reserved 1048576K
2021-12-09T13:20:25.465-0900: 95.422: [Full GC (Ergonomics) [PSYoungGen: 641630K->484377K(855552K)] [ParOldGen: 2095363K->2095363K(2097152K)] 2736993K->2579740K(2952704K), [Metaspace: 28872K->28872K(1077248K)], 0.0430117 secs] [Times: user=0.15 sys=0.01, real=0.04 secs] 
Heap after GC invocations=61 (full 22):
 PSYoungGen      total 855552K, used 484377K [0x0000000780000000, 0x00000007c0000000, 0x00000007c0000000)
  eden space 667648K, 72% used [0x0000000780000000,0x000000079d906440,0x00000007a8c00000)
  from space 187904K, 0% used [0x00000007a8c00000,0x00000007a8c00000,0x00000007b4380000)
  to   space 193024K, 0% used [0x00000007b4380000,0x00000007b4380000,0x00000007c0000000)
 ParOldGen       total 2097152K, used 2095363K [0x0000000700000000, 0x0000000780000000, 0x0000000780000000)
  object space 2097152K, 99% used [0x0000000700000000,0x000000077fe40e50,0x0000000780000000)
 Metaspace       used 28872K, capacity 31022K, committed 31232K, reserved 1077248K
  class space    used 3877K, capacity 4278K, committed 4352K, reserved 1048576K
}
{Heap before GC invocations=62 (full 23):
 PSYoungGen      total 855552K, used 660172K [0x0000000780000000, 0x00000007c0000000, 0x00000007c0000000)
  eden space 667648K, 98% used [0x0000000780000000,0x00000007a84b31a0,0x00000007a8c00000)
  from space 187904K, 0% used [0x00000007a8c00000,0x00000007a8c00000,0x00000007b4380000)
  to   space 193024K, 0% used [0x00000007b4380000,0x00000007b4380000,0x00000007c0000000)
 ParOldGen       total 2097152K, used 2095363K [0x0000000700000000, 0x0000000780000000, 0x0000000780000000)
  object space 2097152K, 99% used [0x0000000700000000,0x000000077fe40e50,0x0000000780000000)
 Metaspace       used 28872K, capacity 31022K, committed 31232K, reserved 1077248K
  class space    used 3877K, capacity 4278K, committed 4352K, reserved 1048576K
2021-12-09T13:20:25.945-0900: 95.902: [Full GC (Ergonomics) [PSYoungGen: 660172K->500002K(855552K)] [ParOldGen: 2095363K->2095363K(2097152K)] 2755535K->2595365K(2952704K), [Metaspace: 28872K->28872K(1077248K)], 0.0454226 secs] [Times: user=0.14 sys=0.00, real=0.05 secs] 
Heap after GC invocations=62 (full 23):
 PSYoungGen      total 855552K, used 500002K [0x0000000780000000, 0x00000007c0000000, 0x00000007c0000000)
  eden space 667648K, 74% used [0x0000000780000000,0x000000079e848880,0x00000007a8c00000)
  from space 187904K, 0% used [0x00000007a8c00000,0x00000007a8c00000,0x00000007b4380000)
  to   space 193024K, 0% used [0x00000007b4380000,0x00000007b4380000,0x00000007c0000000)
 ParOldGen       total 2097152K, used 2095363K [0x0000000700000000, 0x0000000780000000, 0x0000000780000000)
  object space 2097152K, 99% used [0x0000000700000000,0x000000077fe40e50,0x0000000780000000)
 Metaspace       used 28872K, capacity 31022K, committed 31232K, reserved 1077248K
  class space    used 3877K, capacity 4278K, committed 4352K, reserved 1048576K
}
{Heap before GC invocations=63 (full 24):
 PSYoungGen      total 855552K, used 629032K [0x0000000780000000, 0x00000007c0000000, 0x00000007c0000000)
  eden space 667648K, 94% used [0x0000000780000000,0x00000007a664a058,0x00000007a8c00000)
  from space 187904K, 0% used [0x00000007a8c00000,0x00000007a8c00000,0x00000007b4380000)
  to   space 193024K, 0% used [0x00000007b4380000,0x00000007b4380000,0x00000007c0000000)
 ParOldGen       total 2097152K, used 2095363K [0x0000000700000000, 0x0000000780000000, 0x0000000780000000)
  object space 2097152K, 99% used [0x0000000700000000,0x000000077fe40e50,0x0000000780000000)
 Metaspace       used 28872K, capacity 31022K, committed 31232K, reserved 1077248K
  class space    used 3877K, capacity 4278K, committed 4352K, reserved 1048576K
2021-12-09T13:20:26.321-0900: 96.278: [Full GC (Ergonomics) [PSYoungGen: 629032K->511720K(855552K)] [ParOldGen: 2095363K->2095363K(2097152K)] 2724395K->2607084K(2952704K), [Metaspace: 28872K->28872K(1077248K)], 0.0407166 secs] [Times: user=0.14 sys=0.00, real=0.04 secs] 
Heap after GC invocations=63 (full 24):
 PSYoungGen      total 855552K, used 511720K [0x0000000780000000, 0x00000007c0000000, 0x00000007c0000000)
  eden space 667648K, 76% used [0x0000000780000000,0x000000079f3ba3b0,0x00000007a8c00000)
  from space 187904K, 0% used [0x00000007a8c00000,0x00000007a8c00000,0x00000007b4380000)
  to   space 193024K, 0% used [0x00000007b4380000,0x00000007b4380000,0x00000007c0000000)
 ParOldGen       total 2097152K, used 2095363K [0x0000000700000000, 0x0000000780000000, 0x0000000780000000)
  object space 2097152K, 99% used [0x0000000700000000,0x000000077fe40e50,0x0000000780000000)
 Metaspace       used 28872K, capacity 31022K, committed 31232K, reserved 1077248K
  class space    used 3877K, capacity 4278K, committed 4352K, reserved 1048576K
}
{Heap before GC invocations=64 (full 25):
 PSYoungGen      total 855552K, used 644175K [0x0000000780000000, 0x00000007c0000000, 0x00000007c0000000)
  eden space 667648K, 96% used [0x0000000780000000,0x00000007a7513d98,0x00000007a8c00000)
  from space 187904K, 0% used [0x00000007a8c00000,0x00000007a8c00000,0x00000007b4380000)
  to   space 193024K, 0% used [0x00000007b4380000,0x00000007b4380000,0x00000007c0000000)
 ParOldGen       total 2097152K, used 2095363K [0x0000000700000000, 0x0000000780000000, 0x0000000780000000)
  object space 2097152K, 99% used [0x0000000700000000,0x000000077fe40e50,0x0000000780000000)
 Metaspace       used 28872K, capacity 31022K, committed 31232K, reserved 1077248K
  class space    used 3877K, capacity 4278K, committed 4352K, reserved 1048576K
2021-12-09T13:20:26.688-0900: 96.645: [Full GC (Ergonomics) [PSYoungGen: 644175K->523439K(855552K)] [ParOldGen: 2095363K->2095363K(2097152K)] 2739538K->2618803K(2952704K), [Metaspace: 28872K->28872K(1077248K)], 0.0379200 secs] [Times: user=0.11 sys=0.00, real=0.04 secs] 
Heap after GC invocations=64 (full 25):
 PSYoungGen      total 855552K, used 523439K [0x0000000780000000, 0x00000007c0000000, 0x00000007c0000000)
  eden space 667648K, 78% used [0x0000000780000000,0x000000079ff2bee0,0x00000007a8c00000)
  from space 187904K, 0% used [0x00000007a8c00000,0x00000007a8c00000,0x00000007b4380000)
  to   space 193024K, 0% used [0x00000007b4380000,0x00000007b4380000,0x00000007c0000000)
 ParOldGen       total 2097152K, used 2095363K [0x0000000700000000, 0x0000000780000000, 0x0000000780000000)
  object space 2097152K, 99% used [0x0000000700000000,0x000000077fe40e50,0x0000000780000000)
 Metaspace       used 28872K, capacity 31022K, committed 31232K, reserved 1077248K
  class space    used 3877K, capacity 4278K, committed 4352K, reserved 1048576K
}
{Heap before GC invocations=65 (full 26):
 PSYoungGen      total 855552K, used 655628K [0x0000000780000000, 0x00000007c0000000, 0x00000007c0000000)
  eden space 667648K, 98% used [0x0000000780000000,0x00000007a80430e8,0x00000007a8c00000)
  from space 187904K, 0% used [0x00000007a8c00000,0x00000007a8c00000,0x00000007b4380000)
  to   space 193024K, 0% used [0x00000007b4380000,0x00000007b4380000,0x00000007c0000000)
 ParOldGen       total 2097152K, used 2095363K [0x0000000700000000, 0x0000000780000000, 0x0000000780000000)
  object space 2097152K, 99% used [0x0000000700000000,0x000000077fe40e50,0x0000000780000000)
 Metaspace       used 28872K, capacity 31022K, committed 31232K, reserved 1077248K
  class space    used 3877K, capacity 4278K, committed 4352K, reserved 1048576K
2021-12-09T13:20:27.063-0900: 97.019: [Full GC (Ergonomics) [PSYoungGen: 655628K->535158K(855552K)] [ParOldGen: 2095363K->2095363K(2097152K)] 2750991K->2630522K(2952704K), [Metaspace: 28872K->28872K(1077248K)], 0.0434117 secs] [Times: user=0.16 sys=0.00, real=0.04 secs] 
Heap after GC invocations=65 (full 26):
 PSYoungGen      total 855552K, used 535158K [0x0000000780000000, 0x00000007c0000000, 0x00000007c0000000)
  eden space 667648K, 80% used [0x0000000780000000,0x00000007a0a9da10,0x00000007a8c00000)
  from space 187904K, 0% used [0x00000007a8c00000,0x00000007a8c00000,0x00000007b4380000)
  to   space 193024K, 0% used [0x00000007b4380000,0x00000007b4380000,0x00000007c0000000)
 ParOldGen       total 2097152K, used 2095363K [0x0000000700000000, 0x0000000780000000, 0x0000000780000000)
  object space 2097152K, 99% used [0x0000000700000000,0x000000077fe40e50,0x0000000780000000)
 Metaspace       used 28872K, capacity 31022K, committed 31232K, reserved 1077248K
  class space    used 3877K, capacity 4278K, committed 4352K, reserved 1048576K
}
{Heap before GC invocations=66 (full 27):
 PSYoungGen      total 855552K, used 667109K [0x0000000780000000, 0x00000007c0000000, 0x00000007c0000000)
  eden space 667648K, 99% used [0x0000000780000000,0x00000007a8b79498,0x00000007a8c00000)
  from space 187904K, 0% used [0x00000007a8c00000,0x00000007a8c00000,0x00000007b4380000)
  to   space 193024K, 0% used [0x00000007b4380000,0x00000007b4380000,0x00000007c0000000)
 ParOldGen       total 2097152K, used 2095363K [0x0000000700000000, 0x0000000780000000, 0x0000000780000000)
  object space 2097152K, 99% used [0x0000000700000000,0x000000077fe40e50,0x0000000780000000)
 Metaspace       used 28872K, capacity 31022K, committed 31232K, reserved 1077248K
  class space    used 3877K, capacity 4278K, committed 4352K, reserved 1048576K
2021-12-09T13:20:27.439-0900: 97.396: [Full GC (Ergonomics) [PSYoungGen: 667109K->546877K(855552K)] [ParOldGen: 2095363K->2095363K(2097152K)] 2762472K->2642240K(2952704K), [Metaspace: 28872K->28872K(1077248K)], 0.0734606 secs] [Times: user=0.12 sys=0.01, real=0.08 secs] 
Heap after GC invocations=66 (full 27):
 PSYoungGen      total 855552K, used 546877K [0x0000000780000000, 0x00000007c0000000, 0x00000007c0000000)
  eden space 667648K, 81% used [0x0000000780000000,0x00000007a160f540,0x00000007a8c00000)
  from space 187904K, 0% used [0x00000007a8c00000,0x00000007a8c00000,0x00000007b4380000)
  to   space 193024K, 0% used [0x00000007b4380000,0x00000007b4380000,0x00000007c0000000)
 ParOldGen       total 2097152K, used 2095363K [0x0000000700000000, 0x0000000780000000, 0x0000000780000000)
  object space 2097152K, 99% used [0x0000000700000000,0x000000077fe40e50,0x0000000780000000)
 Metaspace       used 28872K, capacity 31022K, committed 31232K, reserved 1077248K
  class space    used 3877K, capacity 4278K, committed 4352K, reserved 1048576K
}
{Heap before GC invocations=67 (full 28):
 PSYoungGen      total 855552K, used 635698K [0x0000000780000000, 0x00000007c0000000, 0x00000007c0000000)
  eden space 667648K, 95% used [0x0000000780000000,0x00000007a6cccb00,0x00000007a8c00000)
  from space 187904K, 0% used [0x00000007a8c00000,0x00000007a8c00000,0x00000007b4380000)
  to   space 193024K, 0% used [0x00000007b4380000,0x00000007b4380000,0x00000007c0000000)
 ParOldGen       total 2097152K, used 2095363K [0x0000000700000000, 0x0000000780000000, 0x0000000780000000)
  object space 2097152K, 99% used [0x0000000700000000,0x000000077fe40e50,0x0000000780000000)
 Metaspace       used 28872K, capacity 31022K, committed 31232K, reserved 1077248K
  class space    used 3877K, capacity 4278K, committed 4352K, reserved 1048576K
2021-12-09T13:20:27.735-0900: 97.691: [Full GC (Ergonomics) [PSYoungGen: 635698K->554689K(855552K)] [ParOldGen: 2095363K->2095363K(2097152K)] 2731062K->2650053K(2952704K), [Metaspace: 28872K->28872K(1077248K)], 0.0614592 secs] [Times: user=0.12 sys=0.00, real=0.06 secs] 
Heap after GC invocations=67 (full 28):
 PSYoungGen      total 855552K, used 554689K [0x0000000780000000, 0x00000007c0000000, 0x00000007c0000000)
  eden space 667648K, 83% used [0x0000000780000000,0x00000007a1db0760,0x00000007a8c00000)
  from space 187904K, 0% used [0x00000007a8c00000,0x00000007a8c00000,0x00000007b4380000)
  to   space 193024K, 0% used [0x00000007b4380000,0x00000007b4380000,0x00000007c0000000)
 ParOldGen       total 2097152K, used 2095363K [0x0000000700000000, 0x0000000780000000, 0x0000000780000000)
  object space 2097152K, 99% used [0x0000000700000000,0x000000077fe40e50,0x0000000780000000)
 Metaspace       used 28872K, capacity 31022K, committed 31232K, reserved 1077248K
  class space    used 3877K, capacity 4278K, committed 4352K, reserved 1048576K
}
{Heap before GC invocations=68 (full 29):
 PSYoungGen      total 855552K, used 643139K [0x0000000780000000, 0x00000007c0000000, 0x00000007c0000000)
  eden space 667648K, 96% used [0x0000000780000000,0x00000007a7410c58,0x00000007a8c00000)
  from space 187904K, 0% used [0x00000007a8c00000,0x00000007a8c00000,0x00000007b4380000)
  to   space 193024K, 0% used [0x00000007b4380000,0x00000007b4380000,0x00000007c0000000)
 ParOldGen       total 2097152K, used 2095363K [0x0000000700000000, 0x0000000780000000, 0x0000000780000000)
  object space 2097152K, 99% used [0x0000000700000000,0x000000077fe40e50,0x0000000780000000)
 Metaspace       used 28872K, capacity 31022K, committed 31232K, reserved 1077248K
  class space    used 3877K, capacity 4278K, committed 4352K, reserved 1048576K
2021-12-09T13:20:28.018-0900: 97.975: [Full GC (Ergonomics) [PSYoungGen: 643139K->562502K(855552K)] [ParOldGen: 2095363K->2095363K(2097152K)] 2738502K->2657865K(2952704K), [Metaspace: 28872K->28872K(1077248K)], 0.0539767 secs] [Times: user=0.11 sys=0.00, real=0.06 secs] 
Heap after GC invocations=68 (full 29):
 PSYoungGen      total 855552K, used 562502K [0x0000000780000000, 0x00000007c0000000, 0x00000007c0000000)
  eden space 667648K, 84% used [0x0000000780000000,0x00000007a2551980,0x00000007a8c00000)
  from space 187904K, 0% used [0x00000007a8c00000,0x00000007a8c00000,0x00000007b4380000)
  to   space 193024K, 0% used [0x00000007b4380000,0x00000007b4380000,0x00000007c0000000)
 ParOldGen       total 2097152K, used 2095363K [0x0000000700000000, 0x0000000780000000, 0x0000000780000000)
  object space 2097152K, 99% used [0x0000000700000000,0x000000077fe40e50,0x0000000780000000)
 Metaspace       used 28872K, capacity 31022K, committed 31232K, reserved 1077248K
  class space    used 3877K, capacity 4278K, committed 4352K, reserved 1048576K
}
{Heap before GC invocations=69 (full 30):
 PSYoungGen      total 855552K, used 650692K [0x0000000780000000, 0x00000007c0000000, 0x00000007c0000000)
  eden space 667648K, 97% used [0x0000000780000000,0x00000007a7b712b8,0x00000007a8c00000)
  from space 187904K, 0% used [0x00000007a8c00000,0x00000007a8c00000,0x00000007b4380000)
  to   space 193024K, 0% used [0x00000007b4380000,0x00000007b4380000,0x00000007c0000000)
 ParOldGen       total 2097152K, used 2095363K [0x0000000700000000, 0x0000000780000000, 0x0000000780000000)
  object space 2097152K, 99% used [0x0000000700000000,0x000000077fe40e50,0x0000000780000000)
 Metaspace       used 28872K, capacity 31022K, committed 31232K, reserved 1077248K
  class space    used 3877K, capacity 4278K, committed 4352K, reserved 1048576K
2021-12-09T13:20:28.299-0900: 98.256: [Full GC (Ergonomics) [PSYoungGen: 650692K->570314K(855552K)] [ParOldGen: 2095363K->2095363K(2097152K)] 2746056K->2665678K(2952704K), [Metaspace: 28872K->28872K(1077248K)], 0.0517762 secs] [Times: user=0.12 sys=0.01, real=0.06 secs] 
Heap after GC invocations=69 (full 30):
 PSYoungGen      total 855552K, used 570314K [0x0000000780000000, 0x00000007c0000000, 0x00000007c0000000)
  eden space 667648K, 85% used [0x0000000780000000,0x00000007a2cf2ba0,0x00000007a8c00000)
  from space 187904K, 0% used [0x00000007a8c00000,0x00000007a8c00000,0x00000007b4380000)
  to   space 193024K, 0% used [0x00000007b4380000,0x00000007b4380000,0x00000007c0000000)
 ParOldGen       total 2097152K, used 2095363K [0x0000000700000000, 0x0000000780000000, 0x0000000780000000)
  object space 2097152K, 99% used [0x0000000700000000,0x000000077fe40e50,0x0000000780000000)
 Metaspace       used 28872K, capacity 31022K, committed 31232K, reserved 1077248K
  class space    used 3877K, capacity 4278K, committed 4352K, reserved 1048576K
}
{Heap before GC invocations=70 (full 31):
 PSYoungGen      total 855552K, used 658333K [0x0000000780000000, 0x00000007c0000000, 0x00000007c0000000)
  eden space 667648K, 98% used [0x0000000780000000,0x00000007a82e77f0,0x00000007a8c00000)
  from space 187904K, 0% used [0x00000007a8c00000,0x00000007a8c00000,0x00000007b4380000)
  to   space 193024K, 0% used [0x00000007b4380000,0x00000007b4380000,0x00000007c0000000)
 ParOldGen       total 2097152K, used 2095363K [0x0000000700000000, 0x0000000780000000, 0x0000000780000000)
  object space 2097152K, 99% used [0x0000000700000000,0x000000077fe40e50,0x0000000780000000)
 Metaspace       used 28872K, capacity 31022K, committed 31232K, reserved 1077248K
  class space    used 3877K, capacity 4278K, committed 4352K, reserved 1048576K
2021-12-09T13:20:28.570-0900: 98.527: [Full GC (Ergonomics) [PSYoungGen: 658333K->578127K(855552K)] [ParOldGen: 2095363K->2095363K(2097152K)] 2753697K->2673491K(2952704K), [Metaspace: 28872K->28872K(1077248K)], 0.0673995 secs] [Times: user=0.13 sys=0.00, real=0.06 secs] 
Heap after GC invocations=70 (full 31):
 PSYoungGen      total 855552K, used 578127K [0x0000000780000000, 0x00000007c0000000, 0x00000007c0000000)
  eden space 667648K, 86% used [0x0000000780000000,0x00000007a3493dc0,0x00000007a8c00000)
  from space 187904K, 0% used [0x00000007a8c00000,0x00000007a8c00000,0x00000007b4380000)
  to   space 193024K, 0% used [0x00000007b4380000,0x00000007b4380000,0x00000007c0000000)
 ParOldGen       total 2097152K, used 2095363K [0x0000000700000000, 0x0000000780000000, 0x0000000780000000)
  object space 2097152K, 99% used [0x0000000700000000,0x000000077fe40e50,0x0000000780000000)
 Metaspace       used 28872K, capacity 31022K, committed 31232K, reserved 1077248K
  class space    used 3877K, capacity 4278K, committed 4352K, reserved 1048576K
}
{Heap before GC invocations=71 (full 32):
 PSYoungGen      total 855552K, used 666034K [0x0000000780000000, 0x00000007c0000000, 0x00000007c0000000)
  eden space 667648K, 99% used [0x0000000780000000,0x00000007a8a6caf8,0x00000007a8c00000)
  from space 187904K, 0% used [0x00000007a8c00000,0x00000007a8c00000,0x00000007b4380000)
  to   space 193024K, 0% used [0x00000007b4380000,0x00000007b4380000,0x00000007c0000000)
 ParOldGen       total 2097152K, used 2095363K [0x0000000700000000, 0x0000000780000000, 0x0000000780000000)
  object space 2097152K, 99% used [0x0000000700000000,0x000000077fe40e50,0x0000000780000000)
 Metaspace       used 28872K, capacity 31022K, committed 31232K, reserved 1077248K
  class space    used 3877K, capacity 4278K, committed 4352K, reserved 1048576K
2021-12-09T13:20:28.863-0900: 98.819: [Full GC (Ergonomics) [PSYoungGen: 666034K->585939K(855552K)] [ParOldGen: 2095363K->2095363K(2097152K)] 2761398K->2681303K(2952704K), [Metaspace: 28872K->28872K(1077248K)], 0.0598515 secs] [Times: user=0.14 sys=0.00, real=0.06 secs] 
Heap after GC invocations=71 (full 32):
 PSYoungGen      total 855552K, used 585939K [0x0000000780000000, 0x00000007c0000000, 0x00000007c0000000)
  eden space 667648K, 87% used [0x0000000780000000,0x00000007a3c34fe0,0x00000007a8c00000)
  from space 187904K, 0% used [0x00000007a8c00000,0x00000007a8c00000,0x00000007b4380000)
  to   space 193024K, 0% used [0x00000007b4380000,0x00000007b4380000,0x00000007c0000000)
 ParOldGen       total 2097152K, used 2095363K [0x0000000700000000, 0x0000000780000000, 0x0000000780000000)
  object space 2097152K, 99% used [0x0000000700000000,0x000000077fe40e50,0x0000000780000000)
 Metaspace       used 28872K, capacity 31022K, committed 31232K, reserved 1077248K
  class space    used 3877K, capacity 4278K, committed 4352K, reserved 1048576K
}
{Heap before GC invocations=72 (full 33):
 PSYoungGen      total 855552K, used 630787K [0x0000000780000000, 0x00000007c0000000, 0x00000007c0000000)
  eden space 667648K, 94% used [0x0000000780000000,0x00000007a6800f08,0x00000007a8c00000)
  from space 187904K, 0% used [0x00000007a8c00000,0x00000007a8c00000,0x00000007b4380000)
  to   space 193024K, 0% used [0x00000007b4380000,0x00000007b4380000,0x00000007c0000000)
 ParOldGen       total 2097152K, used 2095363K [0x0000000700000000, 0x0000000780000000, 0x0000000780000000)
  object space 2097152K, 99% used [0x0000000700000000,0x000000077fe40e50,0x0000000780000000)
 Metaspace       used 28872K, capacity 31022K, committed 31232K, reserved 1077248K
  class space    used 3877K, capacity 4278K, committed 4352K, reserved 1048576K
2021-12-09T13:20:29.034-0900: 98.991: [Full GC (Ergonomics) [PSYoungGen: 630787K->589846K(855552K)] [ParOldGen: 2095363K->2095363K(2097152K)] 2726151K->2685209K(2952704K), [Metaspace: 28872K->28872K(1077248K)], 0.0615144 secs] [Times: user=0.13 sys=0.00, real=0.06 secs] 
Heap after GC invocations=72 (full 33):
 PSYoungGen      total 855552K, used 589846K [0x0000000780000000, 0x00000007c0000000, 0x00000007c0000000)
  eden space 667648K, 88% used [0x0000000780000000,0x00000007a40058f0,0x00000007a8c00000)
  from space 187904K, 0% used [0x00000007a8c00000,0x00000007a8c00000,0x00000007b4380000)
  to   space 193024K, 0% used [0x00000007b4380000,0x00000007b4380000,0x00000007c0000000)
 ParOldGen       total 2097152K, used 2095363K [0x0000000700000000, 0x0000000780000000, 0x0000000780000000)
  object space 2097152K, 99% used [0x0000000700000000,0x000000077fe40e50,0x0000000780000000)
 Metaspace       used 28872K, capacity 31022K, committed 31232K, reserved 1077248K
  class space    used 3877K, capacity 4278K, committed 4352K, reserved 1048576K
}
{Heap before GC invocations=73 (full 34):
 PSYoungGen      total 855552K, used 634354K [0x0000000780000000, 0x00000007c0000000, 0x00000007c0000000)
  eden space 667648K, 95% used [0x0000000780000000,0x00000007a6b7cae8,0x00000007a8c00000)
  from space 187904K, 0% used [0x00000007a8c00000,0x00000007a8c00000,0x00000007b4380000)
  to   space 193024K, 0% used [0x00000007b4380000,0x00000007b4380000,0x00000007c0000000)
 ParOldGen       total 2097152K, used 2095363K [0x0000000700000000, 0x0000000780000000, 0x0000000780000000)
  object space 2097152K, 99% used [0x0000000700000000,0x000000077fe40e50,0x0000000780000000)
 Metaspace       used 28872K, capacity 31022K, committed 31232K, reserved 1077248K
  class space    used 3877K, capacity 4278K, committed 4352K, reserved 1048576K
2021-12-09T13:20:29.209-0900: 99.166: [Full GC (Ergonomics) [PSYoungGen: 634354K->593752K(855552K)] [ParOldGen: 2095363K->2095363K(2097152K)] 2729718K->2689116K(2952704K), [Metaspace: 28872K->28872K(1077248K)], 0.0592326 secs] [Times: user=0.11 sys=0.01, real=0.06 secs] 
Heap after GC invocations=73 (full 34):
 PSYoungGen      total 855552K, used 593752K [0x0000000780000000, 0x00000007c0000000, 0x00000007c0000000)
  eden space 667648K, 88% used [0x0000000780000000,0x00000007a43d6200,0x00000007a8c00000)
  from space 187904K, 0% used [0x00000007a8c00000,0x00000007a8c00000,0x00000007b4380000)
  to   space 193024K, 0% used [0x00000007b4380000,0x00000007b4380000,0x00000007c0000000)
 ParOldGen       total 2097152K, used 2095363K [0x0000000700000000, 0x0000000780000000, 0x0000000780000000)
  object space 2097152K, 99% used [0x0000000700000000,0x000000077fe40e50,0x0000000780000000)
 Metaspace       used 28872K, capacity 31022K, committed 31232K, reserved 1077248K
  class space    used 3877K, capacity 4278K, committed 4352K, reserved 1048576K
}
{Heap before GC invocations=74 (full 35):
 PSYoungGen      total 855552K, used 638038K [0x0000000780000000, 0x00000007c0000000, 0x00000007c0000000)
  eden space 667648K, 95% used [0x0000000780000000,0x00000007a6f15aa0,0x00000007a8c00000)
  from space 187904K, 0% used [0x00000007a8c00000,0x00000007a8c00000,0x00000007b4380000)
  to   space 193024K, 0% used [0x00000007b4380000,0x00000007b4380000,0x00000007c0000000)
 ParOldGen       total 2097152K, used 2095363K [0x0000000700000000, 0x0000000780000000, 0x0000000780000000)
  object space 2097152K, 99% used [0x0000000700000000,0x000000077fe40e50,0x0000000780000000)
 Metaspace       used 28872K, capacity 31022K, committed 31232K, reserved 1077248K
  class space    used 3877K, capacity 4278K, committed 4352K, reserved 1048576K
2021-12-09T13:20:29.386-0900: 99.343: [Full GC (Ergonomics) [PSYoungGen: 638038K->597658K(855552K)] [ParOldGen: 2095363K->2095363K(2097152K)] 2733402K->2693022K(2952704K), [Metaspace: 28872K->28872K(1077248K)], 0.0478210 secs] [Times: user=0.13 sys=0.00, real=0.05 secs] 
Heap after GC invocations=74 (full 35):
 PSYoungGen      total 855552K, used 597658K [0x0000000780000000, 0x00000007c0000000, 0x00000007c0000000)
  eden space 667648K, 89% used [0x0000000780000000,0x00000007a47a6b10,0x00000007a8c00000)
  from space 187904K, 0% used [0x00000007a8c00000,0x00000007a8c00000,0x00000007b4380000)
  to   space 193024K, 0% used [0x00000007b4380000,0x00000007b4380000,0x00000007c0000000)
 ParOldGen       total 2097152K, used 2095363K [0x0000000700000000, 0x0000000780000000, 0x0000000780000000)
  object space 2097152K, 99% used [0x0000000700000000,0x000000077fe40e50,0x0000000780000000)
 Metaspace       used 28872K, capacity 31022K, committed 31232K, reserved 1077248K
  class space    used 3877K, capacity 4278K, committed 4352K, reserved 1048576K
}
{Heap before GC invocations=75 (full 36):
 PSYoungGen      total 855552K, used 641798K [0x0000000780000000, 0x00000007c0000000, 0x00000007c0000000)
  eden space 667648K, 96% used [0x0000000780000000,0x00000007a72c1a50,0x00000007a8c00000)
  from space 187904K, 0% used [0x00000007a8c00000,0x00000007a8c00000,0x00000007b4380000)
  to   space 193024K, 0% used [0x00000007b4380000,0x00000007b4380000,0x00000007c0000000)
 ParOldGen       total 2097152K, used 2095363K [0x0000000700000000, 0x0000000780000000, 0x0000000780000000)
  object space 2097152K, 99% used [0x0000000700000000,0x000000077fe40e50,0x0000000780000000)
 Metaspace       used 28872K, capacity 31022K, committed 31232K, reserved 1077248K
  class space    used 3877K, capacity 4278K, committed 4352K, reserved 1048576K
2021-12-09T13:20:29.545-0900: 99.501: [Full GC (Ergonomics) [PSYoungGen: 641798K->601565K(855552K)] [ParOldGen: 2095363K->2095363K(2097152K)] 2737162K->2696928K(2952704K), [Metaspace: 28872K->28872K(1077248K)], 0.0537278 secs] [Times: user=0.13 sys=0.00, real=0.05 secs] 
Heap after GC invocations=75 (full 36):
 PSYoungGen      total 855552K, used 601565K [0x0000000780000000, 0x00000007c0000000, 0x00000007c0000000)
  eden space 667648K, 90% used [0x0000000780000000,0x00000007a4b77420,0x00000007a8c00000)
  from space 187904K, 0% used [0x00000007a8c00000,0x00000007a8c00000,0x00000007b4380000)
  to   space 193024K, 0% used [0x00000007b4380000,0x00000007b4380000,0x00000007c0000000)
 ParOldGen       total 2097152K, used 2095363K [0x0000000700000000, 0x0000000780000000, 0x0000000780000000)
  object space 2097152K, 99% used [0x0000000700000000,0x000000077fe40e50,0x0000000780000000)
 Metaspace       used 28872K, capacity 31022K, committed 31232K, reserved 1077248K
  class space    used 3877K, capacity 4278K, committed 4352K, reserved 1048576K
}
{Heap before GC invocations=76 (full 37):
 PSYoungGen      total 855552K, used 645607K [0x0000000780000000, 0x00000007c0000000, 0x00000007c0000000)
  eden space 667648K, 96% used [0x0000000780000000,0x00000007a7679f88,0x00000007a8c00000)
  from space 187904K, 0% used [0x00000007a8c00000,0x00000007a8c00000,0x00000007b4380000)
  to   space 193024K, 0% used [0x00000007b4380000,0x00000007b4380000,0x00000007c0000000)
 ParOldGen       total 2097152K, used 2095363K [0x0000000700000000, 0x0000000780000000, 0x0000000780000000)
  object space 2097152K, 99% used [0x0000000700000000,0x000000077fe40e50,0x0000000780000000)
 Metaspace       used 28872K, capacity 31022K, committed 31232K, reserved 1077248K
  class space    used 3877K, capacity 4278K, committed 4352K, reserved 1048576K
2021-12-09T13:20:29.715-0900: 99.672: [Full GC (Ergonomics) [PSYoungGen: 645607K->605471K(855552K)] [ParOldGen: 2095363K->2095363K(2097152K)] 2740971K->2700834K(2952704K), [Metaspace: 28872K->28872K(1077248K)], 0.0822399 secs] [Times: user=0.12 sys=0.01, real=0.08 secs] 
Heap after GC invocations=76 (full 37):
 PSYoungGen      total 855552K, used 605471K [0x0000000780000000, 0x00000007c0000000, 0x00000007c0000000)
  eden space 667648K, 90% used [0x0000000780000000,0x00000007a4f47d30,0x00000007a8c00000)
  from space 187904K, 0% used [0x00000007a8c00000,0x00000007a8c00000,0x00000007b4380000)
  to   space 193024K, 0% used [0x00000007b4380000,0x00000007b4380000,0x00000007c0000000)
 ParOldGen       total 2097152K, used 2095363K [0x0000000700000000, 0x0000000780000000, 0x0000000780000000)
  object space 2097152K, 99% used [0x0000000700000000,0x000000077fe40e50,0x0000000780000000)
 Metaspace       used 28872K, capacity 31022K, committed 31232K, reserved 1077248K
  class space    used 3877K, capacity 4278K, committed 4352K, reserved 1048576K
}
{Heap before GC invocations=77 (full 38):
 PSYoungGen      total 855552K, used 649455K [0x0000000780000000, 0x00000007c0000000, 0x00000007c0000000)
  eden space 667648K, 97% used [0x0000000780000000,0x00000007a7a3bd80,0x00000007a8c00000)
  from space 187904K, 0% used [0x00000007a8c00000,0x00000007a8c00000,0x00000007b4380000)
  to   space 193024K, 0% used [0x00000007b4380000,0x00000007b4380000,0x00000007c0000000)
 ParOldGen       total 2097152K, used 2095363K [0x0000000700000000, 0x0000000780000000, 0x0000000780000000)
  object space 2097152K, 99% used [0x0000000700000000,0x000000077fe40e50,0x0000000780000000)
 Metaspace       used 28872K, capacity 31022K, committed 31232K, reserved 1077248K
  class space    used 3877K, capacity 4278K, committed 4352K, reserved 1048576K
2021-12-09T13:20:29.910-0900: 99.867: [Full GC (Ergonomics) [PSYoungGen: 649455K->609377K(855552K)] [ParOldGen: 2095363K->2095363K(2097152K)] 2744818K->2704741K(2952704K), [Metaspace: 28872K->28872K(1077248K)], 0.0779992 secs] [Times: user=0.12 sys=0.00, real=0.07 secs] 
Heap after GC invocations=77 (full 38):
 PSYoungGen      total 855552K, used 609377K [0x0000000780000000, 0x00000007c0000000, 0x00000007c0000000)
  eden space 667648K, 91% used [0x0000000780000000,0x00000007a5318640,0x00000007a8c00000)
  from space 187904K, 0% used [0x00000007a8c00000,0x00000007a8c00000,0x00000007b4380000)
  to   space 193024K, 0% used [0x00000007b4380000,0x00000007b4380000,0x00000007c0000000)
 ParOldGen       total 2097152K, used 2095363K [0x0000000700000000, 0x0000000780000000, 0x0000000780000000)
  object space 2097152K, 99% used [0x0000000700000000,0x000000077fe40e50,0x0000000780000000)
 Metaspace       used 28872K, capacity 31022K, committed 31232K, reserved 1077248K
  class space    used 3877K, capacity 4278K, committed 4352K, reserved 1048576K
}
{Heap before GC invocations=78 (full 39):
 PSYoungGen      total 855552K, used 653311K [0x0000000780000000, 0x00000007c0000000, 0x00000007c0000000)
  eden space 667648K, 97% used [0x0000000780000000,0x00000007a7dffe18,0x00000007a8c00000)
  from space 187904K, 0% used [0x00000007a8c00000,0x00000007a8c00000,0x00000007b4380000)
  to   space 193024K, 0% used [0x00000007b4380000,0x00000007b4380000,0x00000007c0000000)
 ParOldGen       total 2097152K, used 2095363K [0x0000000700000000, 0x0000000780000000, 0x0000000780000000)
  object space 2097152K, 99% used [0x0000000700000000,0x000000077fe40e50,0x0000000780000000)
 Metaspace       used 28872K, capacity 31022K, committed 31232K, reserved 1077248K
  class space    used 3877K, capacity 4278K, committed 4352K, reserved 1048576K
2021-12-09T13:20:30.098-0900: 100.055: [Full GC (Ergonomics) [PSYoungGen: 653311K->613283K(855552K)] [ParOldGen: 2095363K->2095363K(2097152K)] 2748675K->2708647K(2952704K), [Metaspace: 28872K->28872K(1077248K)], 0.0925590 secs] [Times: user=0.11 sys=0.01, real=0.10 secs] 
Heap after GC invocations=78 (full 39):
 PSYoungGen      total 855552K, used 613283K [0x0000000780000000, 0x00000007c0000000, 0x00000007c0000000)
  eden space 667648K, 91% used [0x0000000780000000,0x00000007a56e8f50,0x00000007a8c00000)
  from space 187904K, 0% used [0x00000007a8c00000,0x00000007a8c00000,0x00000007b4380000)
  to   space 193024K, 0% used [0x00000007b4380000,0x00000007b4380000,0x00000007c0000000)
 ParOldGen       total 2097152K, used 2095363K [0x0000000700000000, 0x0000000780000000, 0x0000000780000000)
  object space 2097152K, 99% used [0x0000000700000000,0x000000077fe40e50,0x0000000780000000)
 Metaspace       used 28872K, capacity 31022K, committed 31232K, reserved 1077248K
  class space    used 3877K, capacity 4278K, committed 4352K, reserved 1048576K
}
{Heap before GC invocations=79 (full 40):
 PSYoungGen      total 855552K, used 657187K [0x0000000780000000, 0x00000007c0000000, 0x00000007c0000000)
  eden space 667648K, 98% used [0x0000000780000000,0x00000007a81c8d70,0x00000007a8c00000)
  from space 187904K, 0% used [0x00000007a8c00000,0x00000007a8c00000,0x00000007b4380000)
  to   space 193024K, 0% used [0x00000007b4380000,0x00000007b4380000,0x00000007c0000000)
 ParOldGen       total 2097152K, used 2095363K [0x0000000700000000, 0x0000000780000000, 0x0000000780000000)
  object space 2097152K, 99% used [0x0000000700000000,0x000000077fe40e50,0x0000000780000000)
 Metaspace       used 28872K, capacity 31022K, committed 31232K, reserved 1077248K
  class space    used 3877K, capacity 4278K, committed 4352K, reserved 1048576K
2021-12-09T13:20:30.308-0900: 100.265: [Full GC (Ergonomics) [PSYoungGen: 657187K->617190K(855552K)] [ParOldGen: 2095363K->2095363K(2097152K)] 2752550K->2712553K(2952704K), [Metaspace: 28872K->28872K(1077248K)], 0.0566884 secs] [Times: user=0.13 sys=0.00, real=0.06 secs] 
Heap after GC invocations=79 (full 40):
 PSYoungGen      total 855552K, used 617190K [0x0000000780000000, 0x00000007c0000000, 0x00000007c0000000)
  eden space 667648K, 92% used [0x0000000780000000,0x00000007a5ab9860,0x00000007a8c00000)
  from space 187904K, 0% used [0x00000007a8c00000,0x00000007a8c00000,0x00000007b4380000)
  to   space 193024K, 0% used [0x00000007b4380000,0x00000007b4380000,0x00000007c0000000)
 ParOldGen       total 2097152K, used 2095363K [0x0000000700000000, 0x0000000780000000, 0x0000000780000000)
  object space 2097152K, 99% used [0x0000000700000000,0x000000077fe40e50,0x0000000780000000)
 Metaspace       used 28872K, capacity 31022K, committed 31232K, reserved 1077248K
  class space    used 3877K, capacity 4278K, committed 4352K, reserved 1048576K
}
{Heap before GC invocations=80 (full 41):
 PSYoungGen      total 855552K, used 661072K [0x0000000780000000, 0x00000007c0000000, 0x00000007c0000000)
  eden space 667648K, 99% used [0x0000000780000000,0x00000007a8594020,0x00000007a8c00000)
  from space 187904K, 0% used [0x00000007a8c00000,0x00000007a8c00000,0x00000007b4380000)
  to   space 193024K, 0% used [0x00000007b4380000,0x00000007b4380000,0x00000007c0000000)
 ParOldGen       total 2097152K, used 2095363K [0x0000000700000000, 0x0000000780000000, 0x0000000780000000)
  object space 2097152K, 99% used [0x0000000700000000,0x000000077fe40e50,0x0000000780000000)
 Metaspace       used 28872K, capacity 31022K, committed 31232K, reserved 1077248K
  class space    used 3877K, capacity 4278K, committed 4352K, reserved 1048576K
2021-12-09T13:20:30.478-0900: 100.435: [Full GC (Ergonomics) [PSYoungGen: 661072K->621096K(855552K)] [ParOldGen: 2095363K->2095363K(2097152K)] 2756435K->2716459K(2952704K), [Metaspace: 28872K->28872K(1077248K)], 0.0682630 secs] [Times: user=0.12 sys=0.00, real=0.07 secs] 
Heap after GC invocations=80 (full 41):
 PSYoungGen      total 855552K, used 621096K [0x0000000780000000, 0x00000007c0000000, 0x00000007c0000000)
  eden space 667648K, 93% used [0x0000000780000000,0x00000007a5e8a170,0x00000007a8c00000)
  from space 187904K, 0% used [0x00000007a8c00000,0x00000007a8c00000,0x00000007b4380000)
  to   space 193024K, 0% used [0x00000007b4380000,0x00000007b4380000,0x00000007c0000000)
 ParOldGen       total 2097152K, used 2095363K [0x0000000700000000, 0x0000000780000000, 0x0000000780000000)
  object space 2097152K, 99% used [0x0000000700000000,0x000000077fe40e50,0x0000000780000000)
 Metaspace       used 28872K, capacity 31022K, committed 31232K, reserved 1077248K
  class space    used 3877K, capacity 4278K, committed 4352K, reserved 1048576K
}
{Heap before GC invocations=81 (full 42):
 PSYoungGen      total 855552K, used 664962K [0x0000000780000000, 0x00000007c0000000, 0x00000007c0000000)
  eden space 667648K, 99% used [0x0000000780000000,0x00000007a89609d8,0x00000007a8c00000)
  from space 187904K, 0% used [0x00000007a8c00000,0x00000007a8c00000,0x00000007b4380000)
  to   space 193024K, 0% used [0x00000007b4380000,0x00000007b4380000,0x00000007c0000000)
 ParOldGen       total 2097152K, used 2095363K [0x0000000700000000, 0x0000000780000000, 0x0000000780000000)
  object space 2097152K, 99% used [0x0000000700000000,0x000000077fe40e50,0x0000000780000000)
 Metaspace       used 28872K, capacity 31022K, committed 31232K, reserved 1077248K
  class space    used 3877K, capacity 4278K, committed 4352K, reserved 1048576K
2021-12-09T13:20:30.660-0900: 100.617: [Full GC (Ergonomics) [PSYoungGen: 664962K->625002K(855552K)] [ParOldGen: 2095363K->2095363K(2097152K)] 2760326K->2720366K(2952704K), [Metaspace: 28872K->28872K(1077248K)], 0.0582915 secs] [Times: user=0.14 sys=0.00, real=0.06 secs] 
Heap after GC invocations=81 (full 42):
 PSYoungGen      total 855552K, used 625002K [0x0000000780000000, 0x00000007c0000000, 0x00000007c0000000)
  eden space 667648K, 93% used [0x0000000780000000,0x00000007a625aa80,0x00000007a8c00000)
  from space 187904K, 0% used [0x00000007a8c00000,0x00000007a8c00000,0x00000007b4380000)
  to   space 193024K, 0% used [0x00000007b4380000,0x00000007b4380000,0x00000007c0000000)
 ParOldGen       total 2097152K, used 2095363K [0x0000000700000000, 0x0000000780000000, 0x0000000780000000)
  object space 2097152K, 99% used [0x0000000700000000,0x000000077fe40e50,0x0000000780000000)
 Metaspace       used 28872K, capacity 31022K, committed 31232K, reserved 1077248K
  class space    used 3877K, capacity 4278K, committed 4352K, reserved 1048576K
}
{Heap before GC invocations=82 (full 43):
 PSYoungGen      total 855552K, used 664065K [0x0000000780000000, 0x00000007c0000000, 0x00000007c0000000)
  eden space 667648K, 99% used [0x0000000780000000,0x00000007a8880490,0x00000007a8c00000)
  from space 187904K, 0% used [0x00000007a8c00000,0x00000007a8c00000,0x00000007b4380000)
  to   space 193024K, 0% used [0x00000007b4380000,0x00000007b4380000,0x00000007c0000000)
 ParOldGen       total 2097152K, used 2095363K [0x0000000700000000, 0x0000000780000000, 0x0000000780000000)
  object space 2097152K, 99% used [0x0000000700000000,0x000000077fe40e50,0x0000000780000000)
 Metaspace       used 28872K, capacity 31022K, committed 31232K, reserved 1077248K
  class space    used 3877K, capacity 4278K, committed 4352K, reserved 1048576K
2021-12-09T13:20:30.726-0900: 100.683: [Full GC (Ergonomics) [PSYoungGen: 664065K->664065K(855552K)] [ParOldGen: 2095363K->2095363K(2097152K)] 2759428K->2759428K(2952704K), [Metaspace: 28872K->28872K(1077248K)], 0.0526623 secs] [Times: user=0.13 sys=0.00, real=0.05 secs] 
Heap after GC invocations=82 (full 43):
 PSYoungGen      total 855552K, used 664065K [0x0000000780000000, 0x00000007c0000000, 0x00000007c0000000)
  eden space 667648K, 99% used [0x0000000780000000,0x00000007a8880490,0x00000007a8c00000)
  from space 187904K, 0% used [0x00000007a8c00000,0x00000007a8c00000,0x00000007b4380000)
  to   space 193024K, 0% used [0x00000007b4380000,0x00000007b4380000,0x00000007c0000000)
 ParOldGen       total 2097152K, used 2095363K [0x0000000700000000, 0x0000000780000000, 0x0000000780000000)
  object space 2097152K, 99% used [0x0000000700000000,0x000000077fe40e50,0x0000000780000000)
 Metaspace       used 28872K, capacity 31022K, committed 31232K, reserved 1077248K
  class space    used 3877K, capacity 4278K, committed 4352K, reserved 1048576K
}
{Heap before GC invocations=83 (full 44):
 PSYoungGen      total 855552K, used 664065K [0x0000000780000000, 0x00000007c0000000, 0x00000007c0000000)
  eden space 667648K, 99% used [0x0000000780000000,0x00000007a8880490,0x00000007a8c00000)
  from space 187904K, 0% used [0x00000007a8c00000,0x00000007a8c00000,0x00000007b4380000)
  to   space 193024K, 0% used [0x00000007b4380000,0x00000007b4380000,0x00000007c0000000)
 ParOldGen       total 2097152K, used 2095363K [0x0000000700000000, 0x0000000780000000, 0x0000000780000000)
  object space 2097152K, 99% used [0x0000000700000000,0x000000077fe40e50,0x0000000780000000)
 Metaspace       used 28872K, capacity 31022K, committed 31232K, reserved 1077248K
  class space    used 3877K, capacity 4278K, committed 4352K, reserved 1048576K
2021-12-09T13:20:30.779-0900: 100.736: [Full GC (Allocation Failure) [PSYoungGen: 664065K->664065K(855552K)] [ParOldGen: 2095363K->2093376K(2097152K)] 2759428K->2757441K(2952704K), [Metaspace: 28872K->28680K(1077248K)], 0.3831489 secs] [Times: user=1.85 sys=0.05, real=0.39 secs] 
Heap after GC invocations=83 (full 44):
 PSYoungGen      total 855552K, used 664065K [0x0000000780000000, 0x00000007c0000000, 0x00000007c0000000)
  eden space 667648K, 99% used [0x0000000780000000,0x00000007a8880490,0x00000007a8c00000)
  from space 187904K, 0% used [0x00000007a8c00000,0x00000007a8c00000,0x00000007b4380000)
  to   space 193024K, 0% used [0x00000007b4380000,0x00000007b4380000,0x00000007c0000000)
 ParOldGen       total 2097152K, used 2093376K [0x0000000700000000, 0x0000000780000000, 0x0000000780000000)
  object space 2097152K, 99% used [0x0000000700000000,0x000000077fc50120,0x0000000780000000)
 Metaspace       used 28680K, capacity 30710K, committed 31232K, reserved 1077248K
  class space    used 3844K, capacity 4218K, committed 4352K, reserved 1048576K
}
{Heap before GC invocations=84 (full 45):
 PSYoungGen      total 855552K, used 667648K [0x0000000780000000, 0x00000007c0000000, 0x00000007c0000000)
  eden space 667648K, 100% used [0x0000000780000000,0x00000007a8c00000,0x00000007a8c00000)
  from space 187904K, 0% used [0x00000007a8c00000,0x00000007a8c00000,0x00000007b4380000)
  to   space 193024K, 0% used [0x00000007b4380000,0x00000007b4380000,0x00000007c0000000)
 ParOldGen       total 2097152K, used 2093385K [0x0000000700000000, 0x0000000780000000, 0x0000000780000000)
  object space 2097152K, 99% used [0x0000000700000000,0x000000077fc52470,0x0000000780000000)
 Metaspace       used 28846K, capacity 30882K, committed 31488K, reserved 1077248K
  class space    used 3878K, capacity 4254K, committed 4352K, reserved 1048576K
2021-12-09T13:20:31.197-0900: 101.154: [Full GC (Ergonomics) [PSYoungGen: 667648K->0K(855552K)] [ParOldGen: 2093385K->8082K(924160K)] 2761033K->8082K(1779712K), [Metaspace: 28846K->28846K(1077248K)], 0.1623445 secs] [Times: user=0.11 sys=0.12, real=0.16 secs] 
